Component: ARM Compiler 6.16 Tool: armlink [5dfeaa00]

==============================================================================

Memory Map of the image

  Image Entry point : 0x08000189

  Load Region LR_IROM1 (Base: 0x08000000, Size: 0x0002504c, Max: 0x00100000, ABSOLUTE, COMPRESSED[0x00024f74])

    Execution Region ER_IROM1 (Base: 0x08000000, Size: 0x00024e24, Max: 0x00100000, ABSOLUTE)

    Base Addr    Size         Type   Attr      Idx    E Section Name        Object

    0x08000000   0x00000188   Data   RO        34244    RESET               BUILD/DISCO_L475VG_IOT01A/ARMC6/mbed-os/targets/TARGET_STM/TARGET_STM32L4/TARGET_STM32L475xG/TOOLCHAIN_ARM/startup_stm32l475xx.o
    0x08000188   0x00000008   Code   RO        35303  * !!!main             c:\ProgramData\Mbed Studio\mbed-studio-tools\ac6\bin\..\lib\armlib\c_w.l(__main.o)
    0x08000190   0x00000034   Code   RO        36240    !!!scatter          c:\ProgramData\Mbed Studio\mbed-studio-tools\ac6\bin\..\lib\armlib\c_w.l(__scatter.o)
    0x080001c4   0x0000005a   Code   RO        36238    !!dczerorl2         c:\ProgramData\Mbed Studio\mbed-studio-tools\ac6\bin\..\lib\armlib\c_w.l(__dczerorl2.o)
    0x0800021e   0x00000002   PAD
    0x08000220   0x0000001a   Code   RO        36242    !!handler_copy      c:\ProgramData\Mbed Studio\mbed-studio-tools\ac6\bin\..\lib\armlib\c_w.l(__scatter_copy.o)
    0x0800023a   0x00000002   PAD
    0x0800023c   0x0000001c   Code   RO        36244    !!handler_zi        c:\ProgramData\Mbed Studio\mbed-studio-tools\ac6\bin\..\lib\armlib\c_w.l(__scatter_zi.o)
    0x08000258   0x00000002   Code   RO        35302    .ARM.Collect$$libinit$$00000000  c:\ProgramData\Mbed Studio\mbed-studio-tools\ac6\bin\..\lib\armlib\c_w.l(libinit.o)
    0x0800025a   0x00000004   Code   RO        35555    .ARM.Collect$$libinit$$00000001  c:\ProgramData\Mbed Studio\mbed-studio-tools\ac6\bin\..\lib\armlib\c_w.l(libinit2.o)
    0x0800025e   0x00000000   Code   RO        35558    .ARM.Collect$$libinit$$00000004  c:\ProgramData\Mbed Studio\mbed-studio-tools\ac6\bin\..\lib\armlib\c_w.l(libinit2.o)
    0x0800025e   0x00000008   Code   RO        35559    .ARM.Collect$$libinit$$00000005  c:\ProgramData\Mbed Studio\mbed-studio-tools\ac6\bin\..\lib\armlib\c_w.l(libinit2.o)
    0x08000266   0x00000000   Code   RO        35561    .ARM.Collect$$libinit$$0000000A  c:\ProgramData\Mbed Studio\mbed-studio-tools\ac6\bin\..\lib\armlib\c_w.l(libinit2.o)
    0x08000266   0x00000000   Code   RO        35563    .ARM.Collect$$libinit$$0000000C  c:\ProgramData\Mbed Studio\mbed-studio-tools\ac6\bin\..\lib\armlib\c_w.l(libinit2.o)
    0x08000266   0x00000000   Code   RO        35565    .ARM.Collect$$libinit$$0000000E  c:\ProgramData\Mbed Studio\mbed-studio-tools\ac6\bin\..\lib\armlib\c_w.l(libinit2.o)
    0x08000266   0x00000000   Code   RO        35568    .ARM.Collect$$libinit$$00000011  c:\ProgramData\Mbed Studio\mbed-studio-tools\ac6\bin\..\lib\armlib\c_w.l(libinit2.o)
    0x08000266   0x00000000   Code   RO        35570    .ARM.Collect$$libinit$$00000013  c:\ProgramData\Mbed Studio\mbed-studio-tools\ac6\bin\..\lib\armlib\c_w.l(libinit2.o)
    0x08000266   0x00000000   Code   RO        35572    .ARM.Collect$$libinit$$00000015  c:\ProgramData\Mbed Studio\mbed-studio-tools\ac6\bin\..\lib\armlib\c_w.l(libinit2.o)
    0x08000266   0x00000000   Code   RO        35574    .ARM.Collect$$libinit$$00000017  c:\ProgramData\Mbed Studio\mbed-studio-tools\ac6\bin\..\lib\armlib\c_w.l(libinit2.o)
    0x08000266   0x00000000   Code   RO        35576    .ARM.Collect$$libinit$$00000019  c:\ProgramData\Mbed Studio\mbed-studio-tools\ac6\bin\..\lib\armlib\c_w.l(libinit2.o)
    0x08000266   0x00000000   Code   RO        35578    .ARM.Collect$$libinit$$0000001B  c:\ProgramData\Mbed Studio\mbed-studio-tools\ac6\bin\..\lib\armlib\c_w.l(libinit2.o)
    0x08000266   0x00000000   Code   RO        35580    .ARM.Collect$$libinit$$0000001D  c:\ProgramData\Mbed Studio\mbed-studio-tools\ac6\bin\..\lib\armlib\c_w.l(libinit2.o)
    0x08000266   0x00000000   Code   RO        35582    .ARM.Collect$$libinit$$0000001F  c:\ProgramData\Mbed Studio\mbed-studio-tools\ac6\bin\..\lib\armlib\c_w.l(libinit2.o)
    0x08000266   0x00000000   Code   RO        35584    .ARM.Collect$$libinit$$00000021  c:\ProgramData\Mbed Studio\mbed-studio-tools\ac6\bin\..\lib\armlib\c_w.l(libinit2.o)
    0x08000266   0x00000000   Code   RO        35586    .ARM.Collect$$libinit$$00000023  c:\ProgramData\Mbed Studio\mbed-studio-tools\ac6\bin\..\lib\armlib\c_w.l(libinit2.o)
    0x08000266   0x00000004   Code   RO        35587    .ARM.Collect$$libinit$$00000024  c:\ProgramData\Mbed Studio\mbed-studio-tools\ac6\bin\..\lib\armlib\c_w.l(libinit2.o)
    0x0800026a   0x00000000   Code   RO        35588    .ARM.Collect$$libinit$$00000025  c:\ProgramData\Mbed Studio\mbed-studio-tools\ac6\bin\..\lib\armlib\c_w.l(libinit2.o)
[...]
    0x08022af8   0x00000010   Data   RO         4641    .rodata._ZTV38CallChainOfFunctionPointersWithContextIjE  BUILD/DISCO_L475VG_IOT01A/ARMC6/mbed-os/connectivity/FEATURE_BLE/source/cordio/source/GattServerImpl.o
    0x08022b08   0x00000030   Data   RO         4313    .rodata._ZTVN3ble15CordioHCIDriverE  BUILD/DISCO_L475VG_IOT01A/ARMC6/mbed-os/connectivity/FEATURE_BLE/source/cordio/driver/CordioHCIDriver.o
    0x08022b38   0x0000003c   Data   RO         4507    .rodata._ZTVN3ble15SecurityManager12EventHandlerE  BUILD/DISCO_L475VG_IOT01A/ARMC6/mbed-os/connectivity/FEATURE_BLE/source/cordio/source/BLEInstanceBaseImpl.o
    0x08022b74   0x00000060   Data   RO         6306    .rodata._ZTVN3ble24PalAttClientToGattClientE  BUILD/DISCO_L475VG_IOT01A/ARMC6/mbed-os/connectivity/FEATURE_BLE/source/pal/PalAttClientToGattClient.o
    0x08022bd4   0x00000014   Data   RO         5990    .rodata._ZTVN3ble24PrivateAddressController27PrivacyResolveAddressOnHostE  BUILD/DISCO_L475VG_IOT01A/ARMC6/mbed-os/connectivity/FEATURE_BLE/source/generic/PrivateAddressController.o
    0x08022be8   0x00000014   Data   RO         5976    .rodata._ZTVN3ble24PrivateAddressControllerE  BUILD/DISCO_L475VG_IOT01A/ARMC6/mbed-os/connectivity/FEATURE_BLE/source/generic/PrivateAddressController.o
    0x08022bfc   0x00000018   Data   RO         4813    .rodata._ZTVN3ble30PalSimpleAttReadByTypeResponseE  BUILD/DISCO_L475VG_IOT01A/ARMC6/mbed-os/connectivity/FEATURE_BLE/source/cordio/source/PalAttClientImpl.o
    0x08022c14   0x00000018   Data   RO         4812    .rodata._ZTVN3ble35PalSimpleAttFindByTypeValueResponseE  BUILD/DISCO_L475VG_IOT01A/ARMC6/mbed-os/connectivity/FEATURE_BLE/source/cordio/source/PalAttClientImpl.o
    0x08022c2c   0x00000018   Data   RO         4811    .rodata._ZTVN3ble35PalSimpleAttFindInformationResponseE  BUILD/DISCO_L475VG_IOT01A/ARMC6/mbed-os/connectivity/FEATURE_BLE/source/cordio/source/PalAttClientImpl.o
    0x08022c44   0x00000018   Data   RO         4814    .rodata._ZTVN3ble35PalSimpleAttReadByGroupTypeResponseE  BUILD/DISCO_L475VG_IOT01A/ARMC6/mbed-os/connectivity/FEATURE_BLE/source/cordio/source/PalAttClientImpl.o
    0x08022c5c   0x00000024   Data   RO         5758    .rodata._ZTVN3ble4impl10GattClientE  BUILD/DISCO_L475VG_IOT01A/ARMC6/mbed-os/connectivity/FEATURE_BLE/source/generic/GattClientImpl.o
    0x08022c80   0x0000000c   Data   RO         4619    .rodata._ZTVN3ble4impl10GattServerE  BUILD/DISCO_L475VG_IOT01A/ARMC6/mbed-os/connectivity/FEATURE_BLE/source/cordio/source/GattServerImpl.o
    0x08022c8c   0x00000050   Data   RO         4701    .rodata._ZTVN3ble4impl12PalAttClientE  BUILD/DISCO_L475VG_IOT01A/ARMC6/mbed-os/connectivity/FEATURE_BLE/source/cordio/source/PalAttClientImpl.o
    0x08022cdc   0x00000010   Data   RO         4505    .rodata._ZTVN3ble4impl13PalEventQueueE  BUILD/DISCO_L475VG_IOT01A/ARMC6/mbed-os/connectivity/FEATURE_BLE/source/cordio/source/BLEInstanceBaseImpl.o
    0x08022cec   0x00000044   Data   RO         4428    .rodata._ZTVN3ble4impl15BLEInstanceBaseE  BUILD/DISCO_L475VG_IOT01A/ARMC6/mbed-os/connectivity/FEATURE_BLE/source/cordio/source/BLEInstanceBaseImpl.o
    0x08022d30   0x000000a4   Data   RO         6255    .rodata._ZTVN3ble4impl15SecurityManagerE  BUILD/DISCO_L475VG_IOT01A/ARMC6/mbed-os/connectivity/FEATURE_BLE/source/generic/SecurityManagerImpl.o
    0x08022dd4   0x00000088   Data   RO         5087    .rodata._ZTVN3ble4impl18PalSecurityManagerE  BUILD/DISCO_L475VG_IOT01A/ARMC6/mbed-os/connectivity/FEATURE_BLE/source/cordio/source/PalSecurityManagerImpl.o
    0x08022e5c   0x00000010   Data   RO         4973    .rodata._ZTVN3ble4impl23PalGenericAccessServiceE  BUILD/DISCO_L475VG_IOT01A/ARMC6/mbed-os/connectivity/FEATURE_BLE/source/cordio/source/PalGenericAccessServiceImpl.o
    0x08022e6c   0x00000040   Data   RO         5009    .rodata._ZTVN3ble4impl27PalPrivateAddressControllerE  BUILD/DISCO_L475VG_IOT01A/ARMC6/mbed-os/connectivity/FEATURE_BLE/source/cordio/source/PalPrivateAddressControllerImpl.o
    0x08022eac   0x0000006c   Data   RO         5641    .rodata._ZTVN3ble4impl3GapE  BUILD/DISCO_L475VG_IOT01A/ARMC6/mbed-os/connectivity/FEATURE_BLE/source/generic/GapImpl.o
    0x08022f18   0x00000018   Data   RO         4965    .rodata._ZTVN3ble4impl6PalGap36GapAdvertisingReportMessageConverter31CordioGapAdvertisingReportEventE  BUILD/DISCO_L475VG_IOT01A/ARMC6/mbed-os/connectivity/FEATURE_BLE/source/cordio/source/PalGapImpl.o
    0x08022f30   0x000000d8   Data   RO         4944    .rodata._ZTVN3ble4impl6PalGapE  BUILD/DISCO_L475VG_IOT01A/ARMC6/mbed-os/connectivity/FEATURE_BLE/source/cordio/source/PalGapImpl.o
    0x08023008   0x0000001c   Data   RO         7628    .rodata._ZTVN3ble6vendor10bluenrg_ms15TransportDriverE  BUILD/DISCO_L475VG_IOT01A/ARMC6/mbed-os/connectivity/drivers/ble/FEATURE_BLE/COMPONENT_BlueNRG_MS/BlueNrgMsHCIDriver.o
    0x08023024   0x00000030   Data   RO         7631    .rodata._ZTVN3ble6vendor10bluenrg_ms9HCIDriverE  BUILD/DISCO_L475VG_IOT01A/ARMC6/mbed-os/connectivity/drivers/ble/FEATURE_BLE/COMPONENT_BlueNRG_MS/BlueNrgMsHCIDriver.o
    0x08023054   0x0000000c   Data   RO        25913    .rodata._ZTVN4mbed10TickerBaseE  BUILD/DISCO_L475VG_IOT01A/ARMC6/mbed-os/drivers/source/Ticker.o
    0x08023060   0x0000000c   Data   RO        25985    .rodata._ZTVN4mbed10TimerEventE  BUILD/DISCO_L475VG_IOT01A/ARMC6/mbed-os/drivers/source/TimerEvent.o
    0x0802306c   0x00000010   Data   RO        25591    .rodata._ZTVN4mbed11InterruptInE  BUILD/DISCO_L475VG_IOT01A/ARMC6/mbed-os/drivers/source/InterruptIn.o
    0x0802307c   0x0000000c   Data   RO        25916    .rodata._ZTVN4mbed14LowPowerTickerE  BUILD/DISCO_L475VG_IOT01A/ARMC6/mbed-os/drivers/source/Ticker.o
    0x08023088   0x0000000c   Data   RO        25930    .rodata._ZTVN4mbed15LowPowerTimeoutE  BUILD/DISCO_L475VG_IOT01A/ARMC6/mbed-os/drivers/source/Timeout.o
    0x08023094   0x00000020   Data   RO        25786    .rodata._ZTVN4mbed3SPIE  BUILD/DISCO_L475VG_IOT01A/ARMC6/mbed-os/drivers/source/SPI.o
    0x080230b4   0x0000000c   Data   RO        28319    .rodata._ZTVN4mbed8internal8SysTimerINSt3__25ratioILx1ELx1000EEELb1EEE  BUILD/DISCO_L475VG_IOT01A/ARMC6/mbed-os/platform/source/SysTimer.o
    0x080230c0   0x00000010   Data   RO        29231    .rodata._ZTVN4rtos6ThreadE  BUILD/DISCO_L475VG_IOT01A/ARMC6/mbed-os/rtos/source/Thread.o
    0x080230d0   0x0000000c   Data   RO         4448    .rodata._ZTVZN3ble4impl15BLEInstanceBase22getSecurityManagerImplEvE3$_0  BUILD/DISCO_L475VG_IOT01A/ARMC6/mbed-os/connectivity/FEATURE_BLE/source/cordio/source/BLEInstanceBaseImpl.o
    0x080230dc   0x00000018   Data   RO        28790    .rodata._ZZL15default_consolevE14console_pinmap  BUILD/DISCO_L475VG_IOT01A/ARMC6/mbed-os/platform/source/mbed_retarget.o
    0x080230f4   0x00000014   Data   RO         4315    .rodata._ZZN3ble15CordioHCIDriver35get_default_buffer_pool_descriptionEvE9pool_desc  BUILD/DISCO_L475VG_IOT01A/ARMC6/mbed-os/connectivity/FEATURE_BLE/source/cordio/driver/CordioHCIDriver.o
    0x08023108   0x00000038   Data   RO         4704    .rodata._ZZN3ble4impl12PalAttClient18att_client_handlerEPK8attEvt_tE8handlers  BUILD/DISCO_L475VG_IOT01A/ARMC6/mbed-os/connectivity/FEATURE_BLE/source/cordio/source/PalAttClientImpl.o
    0x08023140   0x0000000f   Data   RO         4433    .rodata._ZZN3ble4impl15BLEInstanceBase10getVersionEvE7version  BUILD/DISCO_L475VG_IOT01A/ARMC6/mbed-os/connectivity/FEATURE_BLE/source/cordio/source/BLEInstanceBaseImpl.o
    0x0802314f   0x00000001   PAD
    0x08023150   0x00000018   Data   RO         4943    .rodata._ZZN3ble4impl6PalGap11gap_handlerEPK11wsfMsgHdr_tE8handlers  BUILD/DISCO_L475VG_IOT01A/ARMC6/mbed-os/connectivity/FEATURE_BLE/source/cordio/source/PalGapImpl.o
    0x08023168   0x00000005   Data   RO         7629    .rodata._ZZN3ble6vendor10bluenrg_ms15TransportDriver7spiReadEPhtE13header_master  BUILD/DISCO_L475VG_IOT01A/ARMC6/mbed-os/connectivity/drivers/ble/FEATURE_BLE/COMPONENT_BlueNRG_MS/BlueNrgMsHCIDriver.o
    0x0802316d   0x00000005   Data   RO         7630    .rodata._ZZN3ble6vendor10bluenrg_ms15TransportDriver8spiWriteEhPKhtE13header_master  BUILD/DISCO_L475VG_IOT01A/ARMC6/mbed-os/connectivity/drivers/ble/FEATURE_BLE/COMPONENT_BlueNRG_MS/BlueNrgMsHCIDriver.o
    0x08023172   0x00000008   Data   RO        28776    .rodata.__stderr_name  BUILD/DISCO_L475VG_IOT01A/ARMC6/mbed-os/platform/source/mbed_retarget.o
    0x0802317a   0x00000007   Data   RO        28774    .rodata.__stdin_name  BUILD/DISCO_L475VG_IOT01A/ARMC6/mbed-os/platform/source/mbed_retarget.o
    0x08023181   0x00000008   Data   RO        28775    .rodata.__stdout_name  BUILD/DISCO_L475VG_IOT01A/ARMC6/mbed-os/platform/source/mbed_retarget.o
    0x08023189   0x00000002   Data   RO         1362    .rodata.attApChUuid  BUILD/DISCO_L475VG_IOT01A/ARMC6/mbed-os/connectivity/FEATURE_BLE/libraries/cordio_stack/ble-host/sources/stack/att/att_uuid.o
    0x0802318b   0x00000002   Data   RO         1351    .rodata.attChUuid   BUILD/DISCO_L475VG_IOT01A/ARMC6/mbed-os/connectivity/FEATURE_BLE/libraries/cordio_stack/ble-host/sources/stack/att/att_uuid.o
    0x0802318d   0x00000002   Data   RO         1354    .rodata.attCliChCfgUuid  BUILD/DISCO_L475VG_IOT01A/ARMC6/mbed-os/connectivity/FEATURE_BLE/libraries/cordio_stack/ble-host/sources/stack/att/att_uuid.o
    0x0802318f   0x00000002   Data   RO         1361    .rodata.attDnChUuid  BUILD/DISCO_L475VG_IOT01A/ARMC6/mbed-os/connectivity/FEATURE_BLE/libraries/cordio_stack/ble-host/sources/stack/att/att_uuid.o
    0x08023191   0x00000003   PAD
    0x08023194   0x00000010   Data   RO         1316    .rodata.attFcnDefault  BUILD/DISCO_L475VG_IOT01A/ARMC6/mbed-os/connectivity/FEATURE_BLE/libraries/cordio_stack/ble-host/sources/stack/att/att_main.o
    0x080231a4   0x00000002   Data   RO         1322    .rodata.attGapSvcUuid  BUILD/DISCO_L475VG_IOT01A/ARMC6/mbed-os/connectivity/FEATURE_BLE/libraries/cordio_stack/ble-host/sources/stack/att/att_uuid.o
    0x080231a6   0x00000002   Data   RO         1466    .rodata.attGattDbhChUuid  BUILD/DISCO_L475VG_IOT01A/ARMC6/mbed-os/connectivity/FEATURE_BLE/libraries/cordio_stack/ble-host/sources/stack/att/att_uuid.o
    0x080231a8   0x00000002   Data   RO         1323    .rodata.attGattSvcUuid  BUILD/DISCO_L475VG_IOT01A/ARMC6/mbed-os/connectivity/FEATURE_BLE/libraries/cordio_stack/ble-host/sources/stack/att/att_uuid.o
    0x080231aa   0x00000002   Data   RO         1365    .rodata.attPpcpChUuid  BUILD/DISCO_L475VG_IOT01A/ARMC6/mbed-os/connectivity/FEATURE_BLE/libraries/cordio_stack/ble-host/sources/stack/att/att_uuid.o
    0x080231ac   0x00000002   Data   RO         1348    .rodata.attPrimSvcUuid  BUILD/DISCO_L475VG_IOT01A/ARMC6/mbed-os/connectivity/FEATURE_BLE/libraries/cordio_stack/ble-host/sources/stack/att/att_uuid.o
    0x080231ae   0x00000002   Data   RO         1366    .rodata.attScChUuid  BUILD/DISCO_L475VG_IOT01A/ARMC6/mbed-os/connectivity/FEATURE_BLE/libraries/cordio_stack/ble-host/sources/stack/att/att_uuid.o
    0x080231b0   0x00000010   Data   RO         1584    .rodata.attcFcnIf   BUILD/DISCO_L475VG_IOT01A/ARMC6/mbed-os/connectivity/FEATURE_BLE/libraries/cordio_stack/ble-host/sources/stack/att/attc_main.o
    0x080231c0   0x00000044   Data   RO         1619    .rodata.attcProcRspTbl  BUILD/DISCO_L475VG_IOT01A/ARMC6/mbed-os/connectivity/FEATURE_BLE/libraries/cordio_stack/ble-host/sources/stack/att/attc_proc.o
    0x08023204   0x00000044   Data   RO         1582    .rodata.attcSendReqTbl  BUILD/DISCO_L475VG_IOT01A/ARMC6/mbed-os/connectivity/FEATURE_BLE/libraries/cordio_stack/ble-host/sources/stack/att/attc_main.o
    0x08023248   0x00000008   Data   RO         1646    .rodata.attcSignFcnIf  BUILD/DISCO_L475VG_IOT01A/ARMC6/mbed-os/connectivity/FEATURE_BLE/libraries/cordio_stack/ble-host/sources/stack/att/attc_sign.o
    0x08023250   0x00000010   Data   RO         1819    .rodata.attsFcnIf   BUILD/DISCO_L475VG_IOT01A/ARMC6/mbed-os/connectivity/FEATURE_BLE/libraries/cordio_stack/ble-host/sources/stack/att/atts_main.o
    0x08023260   0x00000010   Data   RO         1770    .rodata.attsIndFcnIf  BUILD/DISCO_L475VG_IOT01A/ARMC6/mbed-os/connectivity/FEATURE_BLE/libraries/cordio_stack/ble-host/sources/stack/att/atts_ind.o
    0x08023270   0x00000012   Data   RO         1815    .rodata.attsMinPduLen  BUILD/DISCO_L475VG_IOT01A/ARMC6/mbed-os/connectivity/FEATURE_BLE/libraries/cordio_stack/ble-host/sources/stack/att/atts_main.o
    0x08023282   0x00000010   Data   RO         3796    .rodata.calc128Zeros  BUILD/DISCO_L475VG_IOT01A/ARMC6/mbed-os/connectivity/FEATURE_BLE/libraries/cordio_stack/wsf/sources/util/calc128.o
    0x08023292   0x00000002   PAD
    0x08023294   0x00000010   Data   RO        33613    .rodata.cst16       BUILD/DISCO_L475VG_IOT01A/ARMC6/mbed-os/targets/TARGET_STM/TARGET_STM32L4/STM32Cube_FW/STM32L4xx_HAL_Driver/stm32l4xx_hal_uart.o
    0x080232a4   0x00000004   Data   RO         2389    .rodata.cst4        BUILD/DISCO_L475VG_IOT01A/ARMC6/mbed-os/connectivity/FEATURE_BLE/libraries/cordio_stack/ble-host/sources/stack/dm/dm_conn.o
    0x080232a8   0x00000008   PAD
    0x080232b0   0x0000000a   Data   RO        28865    .rodata.delay_loop_code  BUILD/DISCO_L475VG_IOT01A/ARMC6/mbed-os/platform/source/mbed_wait_api_no_rtos.o
    0x080232ba   0x00000002   PAD
    0x080232bc   0x0000000c   Data   RO         2030    .rodata.dmAdvFcnIf  BUILD/DISCO_L475VG_IOT01A/ARMC6/mbed-os/connectivity/FEATURE_BLE/libraries/cordio_stack/ble-host/sources/stack/dm/dm_adv_ae.o
    0x080232c8   0x0000000c   Data   RO         2068    .rodata.dmAdvFcnIf  BUILD/DISCO_L475VG_IOT01A/ARMC6/mbed-os/connectivity/FEATURE_BLE/libraries/cordio_stack/ble-host/sources/stack/dm/dm_adv_leg.o
    0x080232d4   0x0000000c   Data   RO         2393    .rodata.dmConn2FcnIf  BUILD/DISCO_L475VG_IOT01A/ARMC6/mbed-os/connectivity/FEATURE_BLE/libraries/cordio_stack/ble-host/sources/stack/dm/dm_conn.o
    0x080232e0   0x00000018   Data   RO         2395    .rodata.dmConnActSetMain  BUILD/DISCO_L475VG_IOT01A/ARMC6/mbed-os/connectivity/FEATURE_BLE/libraries/cordio_stack/ble-host/sources/stack/dm/dm_conn.o
    0x080232f8   0x00000008   Data   RO         2468    .rodata.dmConnActSetMaster  BUILD/DISCO_L475VG_IOT01A/ARMC6/mbed-os/connectivity/FEATURE_BLE/libraries/cordio_stack/ble-host/sources/stack/dm/dm_conn_master_ae.o
    0x08023300   0x00000008   Data   RO         2475    .rodata.dmConnActSetMaster  BUILD/DISCO_L475VG_IOT01A/ARMC6/mbed-os/connectivity/FEATURE_BLE/libraries/cordio_stack/ble-host/sources/stack/dm/dm_conn_master_leg.o
    0x08023308   0x00000010   Data   RO         2501    .rodata.dmConnActSetSlave  BUILD/DISCO_L475VG_IOT01A/ARMC6/mbed-os/connectivity/FEATURE_BLE/libraries/cordio_stack/ble-host/sources/stack/dm/dm_conn_slave_ae.o
    0x08023318   0x00000010   Data   RO         2514    .rodata.dmConnActSetSlave  BUILD/DISCO_L475VG_IOT01A/ARMC6/mbed-os/connectivity/FEATURE_BLE/libraries/cordio_stack/ble-host/sources/stack/dm/dm_conn_slave_leg.o
    0x08023328   0x0000000c   Data   RO         2392    .rodata.dmConnFcnIf  BUILD/DISCO_L475VG_IOT01A/ARMC6/mbed-os/connectivity/FEATURE_BLE/libraries/cordio_stack/ble-host/sources/stack/dm/dm_conn.o
    0x08023334   0x0000000c   Data   RO         2391    .rodata.dmConnSpecDefaults  BUILD/DISCO_L475VG_IOT01A/ARMC6/mbed-os/connectivity/FEATURE_BLE/libraries/cordio_stack/ble-host/sources/stack/dm/dm_conn.o
    0x08023340   0x00000050   Data   RO         2519    .rodata.dmConnStateTbl  BUILD/DISCO_L475VG_IOT01A/ARMC6/mbed-os/connectivity/FEATURE_BLE/libraries/cordio_stack/ble-host/sources/stack/dm/dm_conn_sm.o
    0x08023390   0x00000004   Data   RO         2396    .rodata.dmConnUpdActSetMain  BUILD/DISCO_L475VG_IOT01A/ARMC6/mbed-os/connectivity/FEATURE_BLE/libraries/cordio_stack/ble-host/sources/stack/dm/dm_conn.o
    0x08023394   0x00000008   Data   RO         2461    .rodata.dmConnUpdActSetMaster  BUILD/DISCO_L475VG_IOT01A/ARMC6/mbed-os/connectivity/FEATURE_BLE/libraries/cordio_stack/ble-host/sources/stack/dm/dm_conn_master.o
    0x0802339c   0x00000008   Data   RO         2488    .rodata.dmConnUpdActSetSlave  BUILD/DISCO_L475VG_IOT01A/ARMC6/mbed-os/connectivity/FEATURE_BLE/libraries/cordio_stack/ble-host/sources/stack/dm/dm_conn_slave.o
    0x080233a4   0x0000000c   Data   RO         2394    .rodata.dmConnUpdFcnIf  BUILD/DISCO_L475VG_IOT01A/ARMC6/mbed-os/connectivity/FEATURE_BLE/libraries/cordio_stack/ble-host/sources/stack/dm/dm_conn.o
    0x080233b0   0x0000000c   Data   RO         2551    .rodata.dmDevFcnIf  BUILD/DISCO_L475VG_IOT01A/ARMC6/mbed-os/connectivity/FEATURE_BLE/libraries/cordio_stack/ble-host/sources/stack/dm/dm_dev.o
    0x080233bc   0x0000000c   Data   RO         2677    .rodata.dmFcnDefault  BUILD/DISCO_L475VG_IOT01A/ARMC6/mbed-os/connectivity/FEATURE_BLE/libraries/cordio_stack/ble-host/sources/stack/dm/dm_main.o
    0x080233c8   0x00000057   Data   RO         2681    .rodata.dmHciToIdTbl  BUILD/DISCO_L475VG_IOT01A/ARMC6/mbed-os/connectivity/FEATURE_BLE/libraries/cordio_stack/ble-host/sources/stack/dm/dm_main.o
    0x0802341f   0x00000001   PAD
    0x08023420   0x0000000c   Data   RO         2031    .rodata.dmPerAdvFcnIf  BUILD/DISCO_L475VG_IOT01A/ARMC6/mbed-os/connectivity/FEATURE_BLE/libraries/cordio_stack/ble-host/sources/stack/dm/dm_adv_ae.o
    0x0802342c   0x0000000c   Data   RO         2723    .rodata.dmPhyFcnIf  BUILD/DISCO_L475VG_IOT01A/ARMC6/mbed-os/connectivity/FEATURE_BLE/libraries/cordio_stack/ble-host/sources/stack/dm/dm_phy.o
    0x08023438   0x0000000c   Data   RO         2776    .rodata.dmPrivAesFcnIf  BUILD/DISCO_L475VG_IOT01A/ARMC6/mbed-os/connectivity/FEATURE_BLE/libraries/cordio_stack/ble-host/sources/stack/dm/dm_priv.o
    0x08023444   0x0000000c   Data   RO         2775    .rodata.dmPrivFcnIf  BUILD/DISCO_L475VG_IOT01A/ARMC6/mbed-os/connectivity/FEATURE_BLE/libraries/cordio_stack/ble-host/sources/stack/dm/dm_priv.o
    0x08023450   0x0000000c   Data   RO         2808    .rodata.dmScanFcnIf  BUILD/DISCO_L475VG_IOT01A/ARMC6/mbed-os/connectivity/FEATURE_BLE/libraries/cordio_stack/ble-host/sources/stack/dm/dm_scan_ae.o
    0x0802345c   0x0000000c   Data   RO         2829    .rodata.dmScanFcnIf  BUILD/DISCO_L475VG_IOT01A/ARMC6/mbed-os/connectivity/FEATURE_BLE/libraries/cordio_stack/ble-host/sources/stack/dm/dm_scan_leg.o
    0x08023468   0x0000000c   Data   RO         2862    .rodata.dmSecFcnIf  BUILD/DISCO_L475VG_IOT01A/ARMC6/mbed-os/connectivity/FEATURE_BLE/libraries/cordio_stack/ble-host/sources/stack/dm/dm_sec.o
    0x08023474   0x0000000c   Data   RO         2890    .rodata.dmSecLescFcnIf  BUILD/DISCO_L475VG_IOT01A/ARMC6/mbed-os/connectivity/FEATURE_BLE/libraries/cordio_stack/ble-host/sources/stack/dm/dm_sec_lesc.o
    0x08023480   0x00000024   Data   RO         2961    .rodata.dmSyncAct   BUILD/DISCO_L475VG_IOT01A/ARMC6/mbed-os/connectivity/FEATURE_BLE/libraries/cordio_stack/ble-host/sources/stack/dm/dm_sync_ae.o
    0x080234a4   0x0000000c   Data   RO         2962    .rodata.dmSyncFcnIf  BUILD/DISCO_L475VG_IOT01A/ARMC6/mbed-os/connectivity/FEATURE_BLE/libraries/cordio_stack/ble-host/sources/stack/dm/dm_sync_ae.o
    0x080234b0   0x00000038   Data   RO         2960    .rodata.dmSyncStateTbl  BUILD/DISCO_L475VG_IOT01A/ARMC6/mbed-os/connectivity/FEATURE_BLE/libraries/cordio_stack/ble-host/sources/stack/dm/dm_sync_ae.o
    0x080234e8   0x00000010   Data   RO         1317    .rodata.eattFcnDefault  BUILD/DISCO_L475VG_IOT01A/ARMC6/mbed-os/connectivity/FEATURE_BLE/libraries/cordio_stack/ble-host/sources/stack/att/att_main.o
    0x080234f8   0x00000008   Data   RO          715    .rodata.hciEventMask  BUILD/DISCO_L475VG_IOT01A/ARMC6/mbed-os/connectivity/FEATURE_BLE/libraries/cordio_stack/ble-host/sources/hci/common/hci_core.o
    0x08023500   0x00000008   Data   RO          717    .rodata.hciEventMaskPage2  BUILD/DISCO_L475VG_IOT01A/ARMC6/mbed-os/connectivity/FEATURE_BLE/libraries/cordio_stack/ble-host/sources/hci/common/hci_core.o
    0x08023508   0x00000044   Data   RO         1155    .rodata.hciEvtCbackLen  BUILD/DISCO_L475VG_IOT01A/ARMC6/mbed-os/connectivity/FEATURE_BLE/libraries/cordio_stack/ble-host/sources/hci/dual_chip/hci_evt.o
    0x0802354c   0x00000110   Data   RO         1156    .rodata.hciEvtParseFcnTbl  BUILD/DISCO_L475VG_IOT01A/ARMC6/mbed-os/connectivity/FEATURE_BLE/libraries/cordio_stack/ble-host/sources/hci/dual_chip/hci_evt.o
    0x0802365c   0x00000008   Data   RO          716    .rodata.hciLeEventMask  BUILD/DISCO_L475VG_IOT01A/ARMC6/mbed-os/connectivity/FEATURE_BLE/libraries/cordio_stack/ble-host/sources/hci/common/hci_core.o
    0x08023664   0x00000040   Data   RO        34732    .rodata.ll_pin_defines  BUILD/DISCO_L475VG_IOT01A/ARMC6/mbed-os/targets/TARGET_STM/pinmap.o
    0x080236a4   0x00000008   Data   RO        27762    .rodata.lp_data     BUILD/DISCO_L475VG_IOT01A/ARMC6/mbed-os/hal/source/mbed_lp_ticker_api.o
    0x080236ac   0x00000024   Data   RO        27764    .rodata.lp_interface  BUILD/DISCO_L475VG_IOT01A/ARMC6/mbed-os/hal/source/mbed_lp_ticker_api.o
    0x080236d0   0x00000008   Data   RO        34695    .rodata.lp_ticker_get_info.info  BUILD/DISCO_L475VG_IOT01A/ARMC6/mbed-os/targets/TARGET_STM/lp_ticker.o
    0x080236d8   0x00000004   Data   RO          200    .rodata.osRtxUserSVC  BUILD/DISCO_L475VG_IOT01A/ARMC6/mbed-os/cmsis/CMSIS_5/CMSIS/RTOS2/RTX/Source/rtx_lib.o
    0x080236dc   0x00000024   Data   RO          195    .rodata.os_idle_thread_attr  BUILD/DISCO_L475VG_IOT01A/ARMC6/mbed-os/cmsis/CMSIS_5/CMSIS/RTOS2/RTX/Source/rtx_lib.o
    0x08023700   0x00000018   Data   RO          197    .rodata.os_timer_mq_attr  BUILD/DISCO_L475VG_IOT01A/ARMC6/mbed-os/cmsis/CMSIS_5/CMSIS/RTOS2/RTX/Source/rtx_lib.o
    0x08023718   0x00000024   Data   RO          196    .rodata.os_timer_thread_attr  BUILD/DISCO_L475VG_IOT01A/ARMC6/mbed-os/cmsis/CMSIS_5/CMSIS/RTOS2/RTX/Source/rtx_lib.o
    0x0802373c   0x000000c0   Data   RO        34298    .rodata.pin_lines_desc  BUILD/DISCO_L475VG_IOT01A/ARMC6/mbed-os/targets/TARGET_STM/TARGET_STM32L4/gpio_irq_device.o
    0x080237fc   0x0000000f   Data   RO         3231    .rodata.smpPktLenTbl  BUILD/DISCO_L475VG_IOT01A/ARMC6/mbed-os/connectivity/FEATURE_BLE/libraries/cordio_stack/ble-host/sources/stack/smp/smp_main.o
    0x0802380b   0x00000004   Data   RO         3283    .rodata.smpScF5Key  BUILD/DISCO_L475VG_IOT01A/ARMC6/mbed-os/connectivity/FEATURE_BLE/libraries/cordio_stack/ble-host/sources/stack/smp/smp_sc_act.o
    0x0802380f   0x00000001   PAD
    0x08023810   0x00000064   Data   RO         3444    .rodata.smpiActionTbl  BUILD/DISCO_L475VG_IOT01A/ARMC6/mbed-os/connectivity/FEATURE_BLE/libraries/cordio_stack/ble-host/sources/stack/smp/smpi_sm.o
    0x08023874   0x000000cc   Data   RO         3396    .rodata.smpiScActionTbl  BUILD/DISCO_L475VG_IOT01A/ARMC6/mbed-os/connectivity/FEATURE_BLE/libraries/cordio_stack/ble-host/sources/stack/smp/smpi_sc_sm.o
    0x08023940   0x0000000c   Data   RO         3398    .rodata.smpiScSmIf  BUILD/DISCO_L475VG_IOT01A/ARMC6/mbed-os/connectivity/FEATURE_BLE/libraries/cordio_stack/ble-host/sources/stack/smp/smpi_sc_sm.o
    0x0802394c   0x00000098   Data   RO         3395    .rodata.smpiScStateTbl  BUILD/DISCO_L475VG_IOT01A/ARMC6/mbed-os/connectivity/FEATURE_BLE/libraries/cordio_stack/ble-host/sources/stack/smp/smpi_sc_sm.o
    0x080239e4   0x00000018   Data   RO         3436    .rodata.smpiScStateTblAttempts  BUILD/DISCO_L475VG_IOT01A/ARMC6/mbed-os/connectivity/FEATURE_BLE/libraries/cordio_stack/ble-host/sources/stack/smp/smpi_sc_sm.o
    0x080239fc   0x0000000c   Data   RO         3405    .rodata.smpiScStateTblAuthSelect  BUILD/DISCO_L475VG_IOT01A/ARMC6/mbed-os/connectivity/FEATURE_BLE/libraries/cordio_stack/ble-host/sources/stack/smp/smpi_sc_sm.o
    0x08023a08   0x00000006   Data   RO         3419    .rodata.smpiScStateTblCalcDHKey  BUILD/DISCO_L475VG_IOT01A/ARMC6/mbed-os/connectivity/FEATURE_BLE/libraries/cordio_stack/ble-host/sources/stack/smp/smpi_sc_sm.o
    0x08023a0e   0x00000006   Data   RO         3422    .rodata.smpiScStateTblCalcF5LTK  BUILD/DISCO_L475VG_IOT01A/ARMC6/mbed-os/connectivity/FEATURE_BLE/libraries/cordio_stack/ble-host/sources/stack/smp/smpi_sc_sm.o
    0x08023a14   0x00000006   Data   RO         3421    .rodata.smpiScStateTblCalcF5MacKey  BUILD/DISCO_L475VG_IOT01A/ARMC6/mbed-os/connectivity/FEATURE_BLE/libraries/cordio_stack/ble-host/sources/stack/smp/smpi_sc_sm.o
    0x08023a1a   0x00000009   Data   RO         3420    .rodata.smpiScStateTblCalcF5TKey  BUILD/DISCO_L475VG_IOT01A/ARMC6/mbed-os/connectivity/FEATURE_BLE/libraries/cordio_stack/ble-host/sources/stack/smp/smpi_sc_sm.o
    0x08023a23   0x00000006   Data   RO         3427    .rodata.smpiScStateTblCnfCalc1  BUILD/DISCO_L475VG_IOT01A/ARMC6/mbed-os/connectivity/FEATURE_BLE/libraries/cordio_stack/ble-host/sources/stack/smp/smpi_sc_sm.o
    0x08023a29   0x00000006   Data   RO         3428    .rodata.smpiScStateTblCnfCalc2  BUILD/DISCO_L475VG_IOT01A/ARMC6/mbed-os/connectivity/FEATURE_BLE/libraries/cordio_stack/ble-host/sources/stack/smp/smpi_sc_sm.o
    0x08023a2f   0x00000006   Data   RO         3431    .rodata.smpiScStateTblCnfVerCalc1  BUILD/DISCO_L475VG_IOT01A/ARMC6/mbed-os/connectivity/FEATURE_BLE/libraries/cordio_stack/ble-host/sources/stack/smp/smpi_sc_sm.o
    0x08023a35   0x00000006   Data   RO         3432    .rodata.smpiScStateTblCnfVerCalc2  BUILD/DISCO_L475VG_IOT01A/ARMC6/mbed-os/connectivity/FEATURE_BLE/libraries/cordio_stack/ble-host/sources/stack/smp/smpi_sc_sm.o
    0x08023a3b   0x0000000f   Data   RO         3397    .rodata.smpiScStateTblCommon  BUILD/DISCO_L475VG_IOT01A/ARMC6/mbed-os/connectivity/FEATURE_BLE/libraries/cordio_stack/ble-host/sources/stack/smp/smpi_sc_sm.o
    0x08023a4a   0x00000006   Data   RO         3423    .rodata.smpiScStateTblDhCalcF6Ea  BUILD/DISCO_L475VG_IOT01A/ARMC6/mbed-os/connectivity/FEATURE_BLE/libraries/cordio_stack/ble-host/sources/stack/smp/smpi_sc_sm.o
    0x08023a50   0x00000006   Data   RO         3424    .rodata.smpiScStateTblDhCalcF6Eb  BUILD/DISCO_L475VG_IOT01A/ARMC6/mbed-os/connectivity/FEATURE_BLE/libraries/cordio_stack/ble-host/sources/stack/smp/smpi_sc_sm.o
    0x08023a56   0x00000012   Data   RO         3434    .rodata.smpiScStateTblEncrypt  BUILD/DISCO_L475VG_IOT01A/ARMC6/mbed-os/connectivity/FEATURE_BLE/libraries/cordio_stack/ble-host/sources/stack/smp/smpi_sc_sm.o
    0x08023a68   0x00000015   Data   RO         3400    .rodata.smpiScStateTblIdle  BUILD/DISCO_L475VG_IOT01A/ARMC6/mbed-os/connectivity/FEATURE_BLE/libraries/cordio_stack/ble-host/sources/stack/smp/smpi_sc_sm.o
    0x08023a7d   0x00000006   Data   RO         3408    .rodata.smpiScStateTblJwNcCheck1  BUILD/DISCO_L475VG_IOT01A/ARMC6/mbed-os/connectivity/FEATURE_BLE/libraries/cordio_stack/ble-host/sources/stack/smp/smpi_sc_sm.o
    0x08023a83   0x00000009   Data   RO         3409    .rodata.smpiScStateTblJwNcCheck2  BUILD/DISCO_L475VG_IOT01A/ARMC6/mbed-os/connectivity/FEATURE_BLE/libraries/cordio_stack/ble-host/sources/stack/smp/smpi_sc_sm.o
    0x08023a8c   0x00000006   Data   RO         3407    .rodata.smpiScStateTblJwNcRand  BUILD/DISCO_L475VG_IOT01A/ARMC6/mbed-os/connectivity/FEATURE_BLE/libraries/cordio_stack/ble-host/sources/stack/smp/smpi_sc_sm.o
    0x08023a92   0x00000006   Data   RO         3406    .rodata.smpiScStateTblJwNcWaitCnf  BUILD/DISCO_L475VG_IOT01A/ARMC6/mbed-os/connectivity/FEATURE_BLE/libraries/cordio_stack/ble-host/sources/stack/smp/smpi_sc_sm.o
    0x08023a98   0x00000009   Data   RO         3410    .rodata.smpiScStateTblJwNcWaitUser  BUILD/DISCO_L475VG_IOT01A/ARMC6/mbed-os/connectivity/FEATURE_BLE/libraries/cordio_stack/ble-host/sources/stack/smp/smpi_sc_sm.o
    0x08023aa1   0x0000000f   Data   RO         3435    .rodata.smpiScStateTblKeyDist  BUILD/DISCO_L475VG_IOT01A/ARMC6/mbed-os/connectivity/FEATURE_BLE/libraries/cordio_stack/ble-host/sources/stack/smp/smpi_sc_sm.o
    0x08023ab0   0x00000006   Data   RO         3426    .rodata.smpiScStateTblLegacyPin  BUILD/DISCO_L475VG_IOT01A/ARMC6/mbed-os/connectivity/FEATURE_BLE/libraries/cordio_stack/ble-host/sources/stack/smp/smpi_sc_sm.o
    0x08023ab6   0x00000006   Data   RO         3403    .rodata.smpiScStateTblLescPin  BUILD/DISCO_L475VG_IOT01A/ARMC6/mbed-os/connectivity/FEATURE_BLE/libraries/cordio_stack/ble-host/sources/stack/smp/smpi_sc_sm.o
    0x08023abc   0x00000009   Data   RO         3402    .rodata.smpiScStateTblModeSelect  BUILD/DISCO_L475VG_IOT01A/ARMC6/mbed-os/connectivity/FEATURE_BLE/libraries/cordio_stack/ble-host/sources/stack/smp/smpi_sc_sm.o
    0x08023ac5   0x00000006   Data   RO         3417    .rodata.smpiScStateTblOobSendRand  BUILD/DISCO_L475VG_IOT01A/ARMC6/mbed-os/connectivity/FEATURE_BLE/libraries/cordio_stack/ble-host/sources/stack/smp/smpi_sc_sm.o
    0x08023acb   0x00000009   Data   RO         3418    .rodata.smpiScStateTblOobWaitRand  BUILD/DISCO_L475VG_IOT01A/ARMC6/mbed-os/connectivity/FEATURE_BLE/libraries/cordio_stack/ble-host/sources/stack/smp/smpi_sc_sm.o
    0x08023ad4   0x00000006   Data   RO         3429    .rodata.smpiScStateTblPairCnf  BUILD/DISCO_L475VG_IOT01A/ARMC6/mbed-os/connectivity/FEATURE_BLE/libraries/cordio_stack/ble-host/sources/stack/smp/smpi_sc_sm.o
    0x08023ada   0x00000006   Data   RO         3430    .rodata.smpiScStateTblPairRand  BUILD/DISCO_L475VG_IOT01A/ARMC6/mbed-os/connectivity/FEATURE_BLE/libraries/cordio_stack/ble-host/sources/stack/smp/smpi_sc_sm.o
    0x08023ae0   0x00000006   Data   RO         3401    .rodata.smpiScStateTblPairRsp  BUILD/DISCO_L475VG_IOT01A/ARMC6/mbed-os/connectivity/FEATURE_BLE/libraries/cordio_stack/ble-host/sources/stack/smp/smpi_sc_sm.o
    0x08023ae6   0x00000006   Data   RO         3412    .rodata.smpiScStateTblPasskeyCalc  BUILD/DISCO_L475VG_IOT01A/ARMC6/mbed-os/connectivity/FEATURE_BLE/libraries/cordio_stack/ble-host/sources/stack/smp/smpi_sc_sm.o
    0x08023aec   0x00000006   Data   RO         3415    .rodata.smpiScStateTblPasskeyCheck  BUILD/DISCO_L475VG_IOT01A/ARMC6/mbed-os/connectivity/FEATURE_BLE/libraries/cordio_stack/ble-host/sources/stack/smp/smpi_sc_sm.o
    0x08023af2   0x00000006   Data   RO         3413    .rodata.smpiScStateTblPasskeyCnf  BUILD/DISCO_L475VG_IOT01A/ARMC6/mbed-os/connectivity/FEATURE_BLE/libraries/cordio_stack/ble-host/sources/stack/smp/smpi_sc_sm.o
    0x08023af8   0x00000006   Data   RO         3414    .rodata.smpiScStateTblPasskeyRand  BUILD/DISCO_L475VG_IOT01A/ARMC6/mbed-os/connectivity/FEATURE_BLE/libraries/cordio_stack/ble-host/sources/stack/smp/smpi_sc_sm.o
    0x08023afe   0x0000000c   Data   RO         3416    .rodata.smpiScStateTblPasskeyRepeat  BUILD/DISCO_L475VG_IOT01A/ARMC6/mbed-os/connectivity/FEATURE_BLE/libraries/cordio_stack/ble-host/sources/stack/smp/smpi_sc_sm.o
    0x08023b0a   0x00000006   Data   RO         3404    .rodata.smpiScStateTblPubKey  BUILD/DISCO_L475VG_IOT01A/ARMC6/mbed-os/connectivity/FEATURE_BLE/libraries/cordio_stack/ble-host/sources/stack/smp/smpi_sc_sm.o
    0x08023b10   0x00000012   Data   RO         3437    .rodata.smpiScStateTblRspTo  BUILD/DISCO_L475VG_IOT01A/ARMC6/mbed-os/connectivity/FEATURE_BLE/libraries/cordio_stack/ble-host/sources/stack/smp/smpi_sc_sm.o
    0x08023b22   0x00000009   Data   RO         3433    .rodata.smpiScStateTblStkCalc  BUILD/DISCO_L475VG_IOT01A/ARMC6/mbed-os/connectivity/FEATURE_BLE/libraries/cordio_stack/ble-host/sources/stack/smp/smpi_sc_sm.o
    0x08023b2b   0x00000006   Data   RO         3425    .rodata.smpiScStateTblVerifyDHCheck  BUILD/DISCO_L475VG_IOT01A/ARMC6/mbed-os/connectivity/FEATURE_BLE/libraries/cordio_stack/ble-host/sources/stack/smp/smpi_sc_sm.o
    0x08023b31   0x00000003   PAD
    0x08023b34   0x0000000c   Data   RO         3446    .rodata.smpiSmIf    BUILD/DISCO_L475VG_IOT01A/ARMC6/mbed-os/connectivity/FEATURE_BLE/libraries/cordio_stack/ble-host/sources/stack/smp/smpi_sm.o
    0x08023b40   0x00000038   Data   RO         3443    .rodata.smpiStateTbl  BUILD/DISCO_L475VG_IOT01A/ARMC6/mbed-os/connectivity/FEATURE_BLE/libraries/cordio_stack/ble-host/sources/stack/smp/smpi_sm.o
    0x08023b78   0x00000018   Data   RO         3459    .rodata.smpiStateTblAttempts  BUILD/DISCO_L475VG_IOT01A/ARMC6/mbed-os/connectivity/FEATURE_BLE/libraries/cordio_stack/ble-host/sources/stack/smp/smpi_sm.o
    0x08023b90   0x00000006   Data   RO         3450    .rodata.smpiStateTblCnfCalc1  BUILD/DISCO_L475VG_IOT01A/ARMC6/mbed-os/connectivity/FEATURE_BLE/libraries/cordio_stack/ble-host/sources/stack/smp/smpi_sm.o
    0x08023b96   0x00000006   Data   RO         3451    .rodata.smpiStateTblCnfCalc2  BUILD/DISCO_L475VG_IOT01A/ARMC6/mbed-os/connectivity/FEATURE_BLE/libraries/cordio_stack/ble-host/sources/stack/smp/smpi_sm.o
    0x08023b9c   0x00000006   Data   RO         3454    .rodata.smpiStateTblCnfVerCalc1  BUILD/DISCO_L475VG_IOT01A/ARMC6/mbed-os/connectivity/FEATURE_BLE/libraries/cordio_stack/ble-host/sources/stack/smp/smpi_sm.o
    0x08023ba2   0x00000006   Data   RO         3455    .rodata.smpiStateTblCnfVerCalc2  BUILD/DISCO_L475VG_IOT01A/ARMC6/mbed-os/connectivity/FEATURE_BLE/libraries/cordio_stack/ble-host/sources/stack/smp/smpi_sm.o
    0x08023ba8   0x0000000f   Data   RO         3445    .rodata.smpiStateTblCommon  BUILD/DISCO_L475VG_IOT01A/ARMC6/mbed-os/connectivity/FEATURE_BLE/libraries/cordio_stack/ble-host/sources/stack/smp/smpi_sm.o
    0x08023bb7   0x0000000c   Data   RO         3457    .rodata.smpiStateTblEncrypt  BUILD/DISCO_L475VG_IOT01A/ARMC6/mbed-os/connectivity/FEATURE_BLE/libraries/cordio_stack/ble-host/sources/stack/smp/smpi_sm.o
    0x08023bc3   0x00000015   Data   RO         3447    .rodata.smpiStateTblIdle  BUILD/DISCO_L475VG_IOT01A/ARMC6/mbed-os/connectivity/FEATURE_BLE/libraries/cordio_stack/ble-host/sources/stack/smp/smpi_sm.o
    0x08023bd8   0x0000000f   Data   RO         3458    .rodata.smpiStateTblKeyDist  BUILD/DISCO_L475VG_IOT01A/ARMC6/mbed-os/connectivity/FEATURE_BLE/libraries/cordio_stack/ble-host/sources/stack/smp/smpi_sm.o
    0x08023be7   0x00000006   Data   RO         3452    .rodata.smpiStateTblPairCnf  BUILD/DISCO_L475VG_IOT01A/ARMC6/mbed-os/connectivity/FEATURE_BLE/libraries/cordio_stack/ble-host/sources/stack/smp/smpi_sm.o
    0x08023bed   0x00000006   Data   RO         3453    .rodata.smpiStateTblPairRand  BUILD/DISCO_L475VG_IOT01A/ARMC6/mbed-os/connectivity/FEATURE_BLE/libraries/cordio_stack/ble-host/sources/stack/smp/smpi_sm.o
    0x08023bf3   0x00000006   Data   RO         3448    .rodata.smpiStateTblPairRsp  BUILD/DISCO_L475VG_IOT01A/ARMC6/mbed-os/connectivity/FEATURE_BLE/libraries/cordio_stack/ble-host/sources/stack/smp/smpi_sm.o
    0x08023bf9   0x00000006   Data   RO         3449    .rodata.smpiStateTblPin  BUILD/DISCO_L475VG_IOT01A/ARMC6/mbed-os/connectivity/FEATURE_BLE/libraries/cordio_stack/ble-host/sources/stack/smp/smpi_sm.o
    0x08023bff   0x00000012   Data   RO         3460    .rodata.smpiStateTblRspTo  BUILD/DISCO_L475VG_IOT01A/ARMC6/mbed-os/connectivity/FEATURE_BLE/libraries/cordio_stack/ble-host/sources/stack/smp/smpi_sm.o
    0x08023c11   0x00000009   Data   RO         3456    .rodata.smpiStateTblStkCalc  BUILD/DISCO_L475VG_IOT01A/ARMC6/mbed-os/connectivity/FEATURE_BLE/libraries/cordio_stack/ble-host/sources/stack/smp/smpi_sm.o
    0x08023c1a   0x00000002   PAD
    0x08023c1c   0x0000006c   Data   RO         3597    .rodata.smprActionTbl  BUILD/DISCO_L475VG_IOT01A/ARMC6/mbed-os/connectivity/FEATURE_BLE/libraries/cordio_stack/ble-host/sources/stack/smp/smpr_sm.o
    0x08023c88   0x000000dc   Data   RO         3532    .rodata.smprScActionTbl  BUILD/DISCO_L475VG_IOT01A/ARMC6/mbed-os/connectivity/FEATURE_BLE/libraries/cordio_stack/ble-host/sources/stack/smp/smpr_sc_sm.o
    0x08023d64   0x0000000c   Data   RO         3534    .rodata.smprScSmIf  BUILD/DISCO_L475VG_IOT01A/ARMC6/mbed-os/connectivity/FEATURE_BLE/libraries/cordio_stack/ble-host/sources/stack/smp/smpr_sc_sm.o
    0x08023d70   0x000000a0   Data   RO         3531    .rodata.smprScStateTbl  BUILD/DISCO_L475VG_IOT01A/ARMC6/mbed-os/connectivity/FEATURE_BLE/libraries/cordio_stack/ble-host/sources/stack/smp/smpr_sc_sm.o
    0x08023e10   0x0000001b   Data   RO         3537    .rodata.smprScStateTblApiPairReq  BUILD/DISCO_L475VG_IOT01A/ARMC6/mbed-os/connectivity/FEATURE_BLE/libraries/cordio_stack/ble-host/sources/stack/smp/smpr_sc_sm.o
    0x08023e2b   0x00000006   Data   RO         3538    .rodata.smprScStateTblApiPairRsp  BUILD/DISCO_L475VG_IOT01A/ARMC6/mbed-os/connectivity/FEATURE_BLE/libraries/cordio_stack/ble-host/sources/stack/smp/smpr_sc_sm.o
    0x08023e31   0x00000018   Data   RO         3574    .rodata.smprScStateTblAttempts  BUILD/DISCO_L475VG_IOT01A/ARMC6/mbed-os/connectivity/FEATURE_BLE/libraries/cordio_stack/ble-host/sources/stack/smp/smpr_sc_sm.o
    0x08023e49   0x0000000c   Data   RO         3542    .rodata.smprScStateTblAuthSelect  BUILD/DISCO_L475VG_IOT01A/ARMC6/mbed-os/connectivity/FEATURE_BLE/libraries/cordio_stack/ble-host/sources/stack/smp/smpr_sc_sm.o
    0x08023e55   0x00000006   Data   RO         3558    .rodata.smprScStateTblCalcDHKey  BUILD/DISCO_L475VG_IOT01A/ARMC6/mbed-os/connectivity/FEATURE_BLE/libraries/cordio_stack/ble-host/sources/stack/smp/smpr_sc_sm.o
    0x08023e5b   0x00000006   Data   RO         3561    .rodata.smprScStateTblCalcF5LTK  BUILD/DISCO_L475VG_IOT01A/ARMC6/mbed-os/connectivity/FEATURE_BLE/libraries/cordio_stack/ble-host/sources/stack/smp/smpr_sc_sm.o
    0x08023e61   0x00000006   Data   RO         3560    .rodata.smprScStateTblCalcF5MacKey  BUILD/DISCO_L475VG_IOT01A/ARMC6/mbed-os/connectivity/FEATURE_BLE/libraries/cordio_stack/ble-host/sources/stack/smp/smpr_sc_sm.o
    0x08023e67   0x00000009   Data   RO         3559    .rodata.smprScStateTblCalcF5TKey  BUILD/DISCO_L475VG_IOT01A/ARMC6/mbed-os/connectivity/FEATURE_BLE/libraries/cordio_stack/ble-host/sources/stack/smp/smpr_sc_sm.o
    0x08023e70   0x0000000f   Data   RO         3533    .rodata.smprScStateTblCommon  BUILD/DISCO_L475VG_IOT01A/ARMC6/mbed-os/connectivity/FEATURE_BLE/libraries/cordio_stack/ble-host/sources/stack/smp/smpr_sc_sm.o
    0x08023e7f   0x00000006   Data   RO         3562    .rodata.smprScStateTblDhCalcF6Ea  BUILD/DISCO_L475VG_IOT01A/ARMC6/mbed-os/connectivity/FEATURE_BLE/libraries/cordio_stack/ble-host/sources/stack/smp/smpr_sc_sm.o
    0x08023e85   0x00000006   Data   RO         3563    .rodata.smprScStateTblDhCalcF6Eb  BUILD/DISCO_L475VG_IOT01A/ARMC6/mbed-os/connectivity/FEATURE_BLE/libraries/cordio_stack/ble-host/sources/stack/smp/smpr_sc_sm.o
    0x08023e8b   0x00000012   Data   RO         3572    .rodata.smprScStateTblEncrypt  BUILD/DISCO_L475VG_IOT01A/ARMC6/mbed-os/connectivity/FEATURE_BLE/libraries/cordio_stack/ble-host/sources/stack/smp/smpr_sc_sm.o
    0x08023e9d   0x00000015   Data   RO         3536    .rodata.smprScStateTblIdle  BUILD/DISCO_L475VG_IOT01A/ARMC6/mbed-os/connectivity/FEATURE_BLE/libraries/cordio_stack/ble-host/sources/stack/smp/smpr_sc_sm.o
    0x08023eb2   0x00000006   Data   RO         3545    .rodata.smprScStateTblJwNcCalcG2  BUILD/DISCO_L475VG_IOT01A/ARMC6/mbed-os/connectivity/FEATURE_BLE/libraries/cordio_stack/ble-host/sources/stack/smp/smpr_sc_sm.o
    0x08023eb8   0x00000006   Data   RO         3543    .rodata.smprScStateTblJwNcSetup  BUILD/DISCO_L475VG_IOT01A/ARMC6/mbed-os/connectivity/FEATURE_BLE/libraries/cordio_stack/ble-host/sources/stack/smp/smpr_sc_sm.o
    0x08023ebe   0x00000006   Data   RO         3544    .rodata.smprScStateTblJwNcWaitRand  BUILD/DISCO_L475VG_IOT01A/ARMC6/mbed-os/connectivity/FEATURE_BLE/libraries/cordio_stack/ble-host/sources/stack/smp/smpr_sc_sm.o
    0x08023ec4   0x0000000c   Data   RO         3546    .rodata.smprScStateTblJwNcWaitUser  BUILD/DISCO_L475VG_IOT01A/ARMC6/mbed-os/connectivity/FEATURE_BLE/libraries/cordio_stack/ble-host/sources/stack/smp/smpr_sc_sm.o
    0x08023ed0   0x00000009   Data   RO         3547    .rodata.smprScStateTblJwNcWaitUserDhCheckRcvd  BUILD/DISCO_L475VG_IOT01A/ARMC6/mbed-os/connectivity/FEATURE_BLE/libraries/cordio_stack/ble-host/sources/stack/smp/smpr_sc_sm.o
    0x08023ed9   0x0000000f   Data   RO         3573    .rodata.smprScStateTblKeyDist  BUILD/DISCO_L475VG_IOT01A/ARMC6/mbed-os/connectivity/FEATURE_BLE/libraries/cordio_stack/ble-host/sources/stack/smp/smpr_sc_sm.o
    0x08023ee8   0x00000006   Data   RO         3541    .rodata.smprScStateTblLescPin  BUILD/DISCO_L475VG_IOT01A/ARMC6/mbed-os/connectivity/FEATURE_BLE/libraries/cordio_stack/ble-host/sources/stack/smp/smpr_sc_sm.o
    0x08023eee   0x00000009   Data   RO         3539    .rodata.smprScStateTblModeSelect  BUILD/DISCO_L475VG_IOT01A/ARMC6/mbed-os/connectivity/FEATURE_BLE/libraries/cordio_stack/ble-host/sources/stack/smp/smpr_sc_sm.o
    0x08023ef7   0x00000006   Data   RO         3555    .rodata.smprScStateTblOobSendRand  BUILD/DISCO_L475VG_IOT01A/ARMC6/mbed-os/connectivity/FEATURE_BLE/libraries/cordio_stack/ble-host/sources/stack/smp/smpr_sc_sm.o
    0x08023efd   0x00000006   Data   RO         3556    .rodata.smprScStateTblOobWaitRand  BUILD/DISCO_L475VG_IOT01A/ARMC6/mbed-os/connectivity/FEATURE_BLE/libraries/cordio_stack/ble-host/sources/stack/smp/smpr_sc_sm.o
    0x08023f03   0x0000000f   Data   RO         3548    .rodata.smprScStateTblPassKeyKeypress  BUILD/DISCO_L475VG_IOT01A/ARMC6/mbed-os/connectivity/FEATURE_BLE/libraries/cordio_stack/ble-host/sources/stack/smp/smpr_sc_sm.o
    0x08023f12   0x00000006   Data   RO         3549    .rodata.smprScStateTblPassWaitAuthRsp  BUILD/DISCO_L475VG_IOT01A/ARMC6/mbed-os/connectivity/FEATURE_BLE/libraries/cordio_stack/ble-host/sources/stack/smp/smpr_sc_sm.o
    0x08023f18   0x00000006   Data   RO         3551    .rodata.smprScStateTblPasskeyCalc  BUILD/DISCO_L475VG_IOT01A/ARMC6/mbed-os/connectivity/FEATURE_BLE/libraries/cordio_stack/ble-host/sources/stack/smp/smpr_sc_sm.o
    0x08023f1e   0x00000006   Data   RO         3553    .rodata.smprScStateTblPasskeyCheck  BUILD/DISCO_L475VG_IOT01A/ARMC6/mbed-os/connectivity/FEATURE_BLE/libraries/cordio_stack/ble-host/sources/stack/smp/smpr_sc_sm.o
    0x08023f24   0x0000000c   Data   RO         3411    .rodata.smprScStateTblPasskeyKeypress  BUILD/DISCO_L475VG_IOT01A/ARMC6/mbed-os/connectivity/FEATURE_BLE/libraries/cordio_stack/ble-host/sources/stack/smp/smpi_sc_sm.o
    0x08023f30   0x00000006   Data   RO         3552    .rodata.smprScStateTblPasskeyRand  BUILD/DISCO_L475VG_IOT01A/ARMC6/mbed-os/connectivity/FEATURE_BLE/libraries/cordio_stack/ble-host/sources/stack/smp/smpr_sc_sm.o
    0x08023f36   0x0000000c   Data   RO         3554    .rodata.smprScStateTblPasskeyRepeat  BUILD/DISCO_L475VG_IOT01A/ARMC6/mbed-os/connectivity/FEATURE_BLE/libraries/cordio_stack/ble-host/sources/stack/smp/smpr_sc_sm.o
    0x08023f42   0x00000006   Data   RO         3550    .rodata.smprScStateTblPasskeyWaitCnf  BUILD/DISCO_L475VG_IOT01A/ARMC6/mbed-os/connectivity/FEATURE_BLE/libraries/cordio_stack/ble-host/sources/stack/smp/smpr_sc_sm.o
    0x08023f48   0x00000006   Data   RO         3540    .rodata.smprScStateTblPubKey  BUILD/DISCO_L475VG_IOT01A/ARMC6/mbed-os/connectivity/FEATURE_BLE/libraries/cordio_stack/ble-host/sources/stack/smp/smpr_sc_sm.o
    0x08023f4e   0x00000012   Data   RO         3575    .rodata.smprScStateTblRspTo  BUILD/DISCO_L475VG_IOT01A/ARMC6/mbed-os/connectivity/FEATURE_BLE/libraries/cordio_stack/ble-host/sources/stack/smp/smpr_sc_sm.o
    0x08023f60   0x00000009   Data   RO         3571    .rodata.smprScStateTblStkCalc  BUILD/DISCO_L475VG_IOT01A/ARMC6/mbed-os/connectivity/FEATURE_BLE/libraries/cordio_stack/ble-host/sources/stack/smp/smpr_sc_sm.o
    0x08023f69   0x00000009   Data   RO         3557    .rodata.smprScStateTblWaitDhCheck  BUILD/DISCO_L475VG_IOT01A/ARMC6/mbed-os/connectivity/FEATURE_BLE/libraries/cordio_stack/ble-host/sources/stack/smp/smpr_sc_sm.o
    0x08023f72   0x00000002   PAD
    0x08023f74   0x0000000c   Data   RO         3599    .rodata.smprSmIf    BUILD/DISCO_L475VG_IOT01A/ARMC6/mbed-os/connectivity/FEATURE_BLE/libraries/cordio_stack/ble-host/sources/stack/smp/smpr_sm.o
    0x08023f80   0x0000003c   Data   RO         3596    .rodata.smprStateTbl  BUILD/DISCO_L475VG_IOT01A/ARMC6/mbed-os/connectivity/FEATURE_BLE/libraries/cordio_stack/ble-host/sources/stack/smp/smpr_sm.o
    0x08023fbc   0x0000001b   Data   RO         3582    .rodata.smprStateTblApiPairReq  BUILD/DISCO_L475VG_IOT01A/ARMC6/mbed-os/connectivity/FEATURE_BLE/libraries/cordio_stack/ble-host/sources/stack/smp/smpr_sm.o
    0x08023fd7   0x00000006   Data   RO         3583    .rodata.smprStateTblApiPairRsp  BUILD/DISCO_L475VG_IOT01A/ARMC6/mbed-os/connectivity/FEATURE_BLE/libraries/cordio_stack/ble-host/sources/stack/smp/smpr_sm.o
    0x08023fdd   0x00000018   Data   RO         3594    .rodata.smprStateTblAttempts  BUILD/DISCO_L475VG_IOT01A/ARMC6/mbed-os/connectivity/FEATURE_BLE/libraries/cordio_stack/ble-host/sources/stack/smp/smpr_sm.o
    0x08023ff5   0x00000006   Data   RO         3566    .rodata.smprStateTblCnfCalc1  BUILD/DISCO_L475VG_IOT01A/ARMC6/mbed-os/connectivity/FEATURE_BLE/libraries/cordio_stack/ble-host/sources/stack/smp/smpr_sc_sm.o
    0x08023ffb   0x00000006   Data   RO         3586    .rodata.smprStateTblCnfCalc1  BUILD/DISCO_L475VG_IOT01A/ARMC6/mbed-os/connectivity/FEATURE_BLE/libraries/cordio_stack/ble-host/sources/stack/smp/smpr_sm.o
    0x08024001   0x00000006   Data   RO         3567    .rodata.smprStateTblCnfCalc2  BUILD/DISCO_L475VG_IOT01A/ARMC6/mbed-os/connectivity/FEATURE_BLE/libraries/cordio_stack/ble-host/sources/stack/smp/smpr_sc_sm.o
    0x08024007   0x00000006   Data   RO         3587    .rodata.smprStateTblCnfCalc2  BUILD/DISCO_L475VG_IOT01A/ARMC6/mbed-os/connectivity/FEATURE_BLE/libraries/cordio_stack/ble-host/sources/stack/smp/smpr_sm.o
    0x0802400d   0x00000006   Data   RO         3569    .rodata.smprStateTblCnfVerCalc1  BUILD/DISCO_L475VG_IOT01A/ARMC6/mbed-os/connectivity/FEATURE_BLE/libraries/cordio_stack/ble-host/sources/stack/smp/smpr_sc_sm.o
    0x08024013   0x00000006   Data   RO         3589    .rodata.smprStateTblCnfVerCalc1  BUILD/DISCO_L475VG_IOT01A/ARMC6/mbed-os/connectivity/FEATURE_BLE/libraries/cordio_stack/ble-host/sources/stack/smp/smpr_sm.o
    0x08024019   0x00000006   Data   RO         3570    .rodata.smprStateTblCnfVerCalc2  BUILD/DISCO_L475VG_IOT01A/ARMC6/mbed-os/connectivity/FEATURE_BLE/libraries/cordio_stack/ble-host/sources/stack/smp/smpr_sc_sm.o
    0x0802401f   0x00000006   Data   RO         3590    .rodata.smprStateTblCnfVerCalc2  BUILD/DISCO_L475VG_IOT01A/ARMC6/mbed-os/connectivity/FEATURE_BLE/libraries/cordio_stack/ble-host/sources/stack/smp/smpr_sm.o
    0x08024025   0x0000000f   Data   RO         3598    .rodata.smprStateTblCommon  BUILD/DISCO_L475VG_IOT01A/ARMC6/mbed-os/connectivity/FEATURE_BLE/libraries/cordio_stack/ble-host/sources/stack/smp/smpr_sm.o
    0x08024034   0x0000000c   Data   RO         3592    .rodata.smprStateTblEncrypt  BUILD/DISCO_L475VG_IOT01A/ARMC6/mbed-os/connectivity/FEATURE_BLE/libraries/cordio_stack/ble-host/sources/stack/smp/smpr_sm.o
    0x08024040   0x00000015   Data   RO         3581    .rodata.smprStateTblIdle  BUILD/DISCO_L475VG_IOT01A/ARMC6/mbed-os/connectivity/FEATURE_BLE/libraries/cordio_stack/ble-host/sources/stack/smp/smpr_sm.o
    0x08024055   0x0000000f   Data   RO         3593    .rodata.smprStateTblKeyDist  BUILD/DISCO_L475VG_IOT01A/ARMC6/mbed-os/connectivity/FEATURE_BLE/libraries/cordio_stack/ble-host/sources/stack/smp/smpr_sm.o
    0x08024064   0x00000006   Data   RO         3568    .rodata.smprStateTblPairRand  BUILD/DISCO_L475VG_IOT01A/ARMC6/mbed-os/connectivity/FEATURE_BLE/libraries/cordio_stack/ble-host/sources/stack/smp/smpr_sc_sm.o
    0x0802406a   0x00000006   Data   RO         3588    .rodata.smprStateTblPairRand  BUILD/DISCO_L475VG_IOT01A/ARMC6/mbed-os/connectivity/FEATURE_BLE/libraries/cordio_stack/ble-host/sources/stack/smp/smpr_sm.o
    0x08024070   0x00000009   Data   RO         3564    .rodata.smprStateTblPinPair1  BUILD/DISCO_L475VG_IOT01A/ARMC6/mbed-os/connectivity/FEATURE_BLE/libraries/cordio_stack/ble-host/sources/stack/smp/smpr_sc_sm.o
    0x08024079   0x00000009   Data   RO         3584    .rodata.smprStateTblPinPair1  BUILD/DISCO_L475VG_IOT01A/ARMC6/mbed-os/connectivity/FEATURE_BLE/libraries/cordio_stack/ble-host/sources/stack/smp/smpr_sm.o
    0x08024082   0x00000009   Data   RO         3565    .rodata.smprStateTblPinPair2  BUILD/DISCO_L475VG_IOT01A/ARMC6/mbed-os/connectivity/FEATURE_BLE/libraries/cordio_stack/ble-host/sources/stack/smp/smpr_sc_sm.o
    0x0802408b   0x00000009   Data   RO         3585    .rodata.smprStateTblPinPair2  BUILD/DISCO_L475VG_IOT01A/ARMC6/mbed-os/connectivity/FEATURE_BLE/libraries/cordio_stack/ble-host/sources/stack/smp/smpr_sm.o
    0x08024094   0x00000012   Data   RO         3595    .rodata.smprStateTblRspTo  BUILD/DISCO_L475VG_IOT01A/ARMC6/mbed-os/connectivity/FEATURE_BLE/libraries/cordio_stack/ble-host/sources/stack/smp/smpr_sm.o
    0x080240a6   0x00000009   Data   RO         3591    .rodata.smprStateTblStkCalc  BUILD/DISCO_L475VG_IOT01A/ARMC6/mbed-os/connectivity/FEATURE_BLE/libraries/cordio_stack/ble-host/sources/stack/smp/smpr_sm.o
    0x080240af   0x00000013   Data   RO          201    .rodata.str1.1      BUILD/DISCO_L475VG_IOT01A/ARMC6/mbed-os/cmsis/CMSIS_5/CMSIS/RTOS2/RTX/Source/rtx_lib.o
    0x080240c2   0x00000010   Data   RO          605    .rodata.str1.1      BUILD/DISCO_L475VG_IOT01A/ARMC6/mbed-os/cmsis/device/rtos/source/mbed_rtos_rtx.o
    0x080240d2   0x00000138   Data   RO          642    .rodata.str1.1      BUILD/DISCO_L475VG_IOT01A/ARMC6/mbed-os/cmsis/device/rtos/source/mbed_rtx_handlers.o
    0x0802420a   0x00000035   Data   RO          671    .rodata.str1.1      BUILD/DISCO_L475VG_IOT01A/ARMC6/mbed-os/cmsis/device/rtos/source/mbed_rtx_idle.o
    0x0802423f   0x0000005e   Data   RO         4316    .rodata.str1.1      BUILD/DISCO_L475VG_IOT01A/ARMC6/mbed-os/connectivity/FEATURE_BLE/source/cordio/driver/CordioHCIDriver.o
    0x0802429d   0x000000ff   Data   RO         4457    .rodata.str1.1      BUILD/DISCO_L475VG_IOT01A/ARMC6/mbed-os/connectivity/FEATURE_BLE/source/cordio/source/BLEInstanceBaseImpl.o
    0x0802439c   0x00000088   Data   RO         4618    .rodata.str1.1      BUILD/DISCO_L475VG_IOT01A/ARMC6/mbed-os/connectivity/FEATURE_BLE/source/cordio/source/GattServerImpl.o
    0x08024424   0x00000036   Data   RO         4705    .rodata.str1.1      BUILD/DISCO_L475VG_IOT01A/ARMC6/mbed-os/connectivity/FEATURE_BLE/source/cordio/source/PalAttClientImpl.o
    0x0802445a   0x0000005c   Data   RO         5010    .rodata.str1.1      BUILD/DISCO_L475VG_IOT01A/ARMC6/mbed-os/connectivity/FEATURE_BLE/source/cordio/source/PalPrivateAddressControllerImpl.o
    0x080244b6   0x00000053   Data   RO         5090    .rodata.str1.1      BUILD/DISCO_L475VG_IOT01A/ARMC6/mbed-os/connectivity/FEATURE_BLE/source/cordio/source/PalSecurityManagerImpl.o
    0x08024509   0x0000001a   Data   RO         5274    .rodata.str1.1      BUILD/DISCO_L475VG_IOT01A/ARMC6/mbed-os/connectivity/FEATURE_BLE/source/gap/AdvertisingDataBuilder.o
    0x08024523   0x0000010e   Data   RO         5642    .rodata.str1.1      BUILD/DISCO_L475VG_IOT01A/ARMC6/mbed-os/connectivity/FEATURE_BLE/source/generic/GapImpl.o
    0x08024631   0x0000004e   Data   RO         6254    .rodata.str1.1      BUILD/DISCO_L475VG_IOT01A/ARMC6/mbed-os/connectivity/FEATURE_BLE/source/generic/SecurityManagerImpl.o
    0x0802467f   0x00000056   Data   RO        24562    .rodata.str1.1      BUILD/DISCO_L475VG_IOT01A/ARMC6/mbed-os/connectivity/netsocket/source/nsapi_dns.o
    0x080246d5   0x0000004a   Data   RO        25787    .rodata.str1.1      BUILD/DISCO_L475VG_IOT01A/ARMC6/mbed-os/drivers/source/SPI.o
    0x0802471f   0x0000004e   Data   RO        28179    .rodata.str1.1      BUILD/DISCO_L475VG_IOT01A/ARMC6/mbed-os/platform/source/SysTimer.o
    0x0802476d   0x000000c8   Data   RO        28331    .rodata.str1.1      BUILD/DISCO_L475VG_IOT01A/ARMC6/mbed-os/platform/source/TARGET_CORTEX_M/mbed_fault_handler.o
    0x08024835   0x000001aa   Data   RO        28517    .rodata.str1.1      BUILD/DISCO_L475VG_IOT01A/ARMC6/mbed-os/platform/source/mbed_error.o
    0x080249df   0x00000063   Data   RO        28784    .rodata.str1.1      BUILD/DISCO_L475VG_IOT01A/ARMC6/mbed-os/platform/source/mbed_retarget.o
    0x08024a42   0x00000012   Data   RO        29123    .rodata.str1.1      BUILD/DISCO_L475VG_IOT01A/ARMC6/mbed-os/rtos/source/Mutex.o
    0x08024a54   0x00000019   Data   RO        29148    .rodata.str1.1      BUILD/DISCO_L475VG_IOT01A/ARMC6/mbed-os/rtos/source/Semaphore.o
    0x08024a6d   0x0000001b   Data   RO        29230    .rodata.str1.1      BUILD/DISCO_L475VG_IOT01A/ARMC6/mbed-os/rtos/source/Thread.o
    0x08024a88   0x0000002a   Data   RO        34871    .rodata.str1.1      BUILD/DISCO_L475VG_IOT01A/ARMC6/mbed-os/targets/TARGET_STM/serial_api.o
    0x08024ab2   0x00000039   Data   RO        34941    .rodata.str1.1      BUILD/DISCO_L475VG_IOT01A/ARMC6/mbed-os/targets/TARGET_STM/stm_spi_api.o
    0x08024aeb   0x000002af   Data   RO        35004    .rodata.str1.1      BUILD/DISCO_L475VG_IOT01A/ARMC6/source/main.o
    0x08024d9a   0x00000002   PAD
    0x08024d9c   0x0000000b   Data   RO          188    .rodata.str1.4      BUILD/DISCO_L475VG_IOT01A/ARMC6/mbed-os/cmsis/CMSIS_5/CMSIS/RTOS2/RTX/Source/rtx_kernel.o
    0x08024da7   0x00000001   PAD
    0x08024da8   0x00000008   Data   RO        27855    .rodata.us_data     BUILD/DISCO_L475VG_IOT01A/ARMC6/mbed-os/hal/source/mbed_us_ticker_api.o
    0x08024db0   0x00000024   Data   RO        27857    .rodata.us_interface  BUILD/DISCO_L475VG_IOT01A/ARMC6/mbed-os/hal/source/mbed_us_ticker_api.o
    0x08024dd4   0x00000008   Data   RO        34977    .rodata.us_ticker_get_info.info  BUILD/DISCO_L475VG_IOT01A/ARMC6/mbed-os/targets/TARGET_STM/us_ticker.o
    0x08024ddc   0x00000040   Data   RO        36237    Region$$Table       anon$$obj.o
    0x08024e1c   0x00000004   Data   RO        29355    .init_array         BUILD/DISCO_L475VG_IOT01A/ARMC6/mbed-os/storage/blockdevice/COMPONENT_QSPIF/source/QSPIFBlockDevice.o
    0x08024e20   0x00000004   Data   RO        35006    .init_array         BUILD/DISCO_L475VG_IOT01A/ARMC6/source/main.o
    0x08024e24   0x00000000   Data   RO        35306    .init_array         c:\ProgramData\Mbed Studio\mbed-studio-tools\ac6\bin\..\lib\armlib\c_w.l(init_aeabi.o)


    Execution Region RW_m_crash_data (Base: 0x10000188, Size: 0x00000100, Max: 0x00000100, ABSOLUTE)

    Base Addr    Size         Type   Attr      Idx    E Section Name        Object

    0x10000188   0x00000100   Zero   RW            1    RW_m_crash_data.bss  anon$$obj.o


    Execution Region RW_IRAM2 (Base: 0x10000288, Size: 0x00003488, Max: 0x00007d78, ABSOLUTE)

    Base Addr    Size         Type   Attr      Idx    E Section Name        Object

    0x10000288   0x00000004   Data   RW        35223    .data               c:\ProgramData\Mbed Studio\mbed-studio-tools\ac6\bin\..\lib\armlib\c_w.l(stdio_streams.o)
    0x1000028c   0x00000004   Data   RW        35531    .data               c:\ProgramData\Mbed Studio\mbed-studio-tools\ac6\bin\..\lib\armlib\c_w.l(streamlock.o)
    0x10000290   0x00000040   Data   RW        28789    .data._ZL11filehandles  BUILD/DISCO_L475VG_IOT01A/ARMC6/mbed-os/platform/source/mbed_retarget.o
    0x100002d0   0x00000004   Data   RW         4434    .data._ZZN3ble4impl15BLEInstanceBase10getGapImplEvE18cordio_gap_service  BUILD/DISCO_L475VG_IOT01A/ARMC6/mbed-os/connectivity/FEATURE_BLE/source/cordio/source/BLEInstanceBaseImpl.o
    0x100002d4   0x00000004   Data   RW         4447    .data._ZZN3ble4impl15BLEInstanceBase22getSecurityManagerImplEvE21signing_event_monitor  BUILD/DISCO_L475VG_IOT01A/ARMC6/mbed-os/connectivity/FEATURE_BLE/source/cordio/source/BLEInstanceBaseImpl.o
    0x100002d8   0x00000010   Data   RW         1319    .data.attBaseUuid   BUILD/DISCO_L475VG_IOT01A/ARMC6/mbed-os/connectivity/FEATURE_BLE/libraries/cordio_stack/ble-host/sources/stack/att/att_main.o
    0x100002e8   0x00000054   Data   RW         2678    .data.dmFcnIfTbl    BUILD/DISCO_L475VG_IOT01A/ARMC6/mbed-os/connectivity/FEATURE_BLE/libraries/cordio_stack/ble-host/sources/stack/dm/dm_main.o
    0x1000033c   0x00000004   PAD
    0x10000340   0x00000008   Data   RW          718    .data.hciLeSupFeatCfg  BUILD/DISCO_L475VG_IOT01A/ARMC6/mbed-os/connectivity/FEATURE_BLE/libraries/cordio_stack/ble-host/sources/hci/common/hci_core.o
    0x10000348   0x00000004   Data   RW        27763    .data.irq_handler   BUILD/DISCO_L475VG_IOT01A/ARMC6/mbed-os/hal/source/mbed_lp_ticker_api.o
    0x1000034c   0x00000004   Data   RW         1892    .data.pAttCfg       BUILD/DISCO_L475VG_IOT01A/ARMC6/mbed-os/connectivity/FEATURE_BLE/libraries/cordio_stack/ble-host/sources/stack/cfg/cfg_stack.o
    0x10000350   0x00000018   Data   RW         1895    .data.smpCfg        BUILD/DISCO_L475VG_IOT01A/ARMC6/mbed-os/connectivity/FEATURE_BLE/libraries/cordio_stack/ble-host/sources/stack/cfg/cfg_stack.o
    0x10000368   0x00000004   Data   RW        30932    .data.uwTickPrio    BUILD/DISCO_L475VG_IOT01A/ARMC6/mbed-os/targets/TARGET_STM/TARGET_STM32L4/STM32Cube_FW/STM32L4xx_HAL_Driver/stm32l4xx_hal.o
    0x1000036c   0x00000054   Zero   RW        35219    .bss                c:\ProgramData\Mbed Studio\mbed-studio-tools\ac6\bin\..\lib\armlib\c_w.l(stdio_streams.o)
    0x100003c0   0x00000054   Zero   RW        35221    .bss                c:\ProgramData\Mbed Studio\mbed-studio-tools\ac6\bin\..\lib\armlib\c_w.l(stdio_streams.o)
    0x10000414   0x00000038   Zero   RW        34704    .bss.LptimHandle    BUILD/DISCO_L475VG_IOT01A/ARMC6/mbed-os/targets/TARGET_STM/lp_ticker.o
    0x1000044c   0x00000004   Zero   RW         4426    .bss.SystemHeapStart  BUILD/DISCO_L475VG_IOT01A/ARMC6/mbed-os/connectivity/FEATURE_BLE/source/cordio/source/BLEInstanceBaseImpl.o
    0x10000450   0x0000004c   Zero   RW        34978    .bss.TimMasterHandle  BUILD/DISCO_L475VG_IOT01A/ARMC6/mbed-os/targets/TARGET_STM/us_ticker.o
    0x1000049c   0x00000004   Zero   RW         7579    .bss._ZGVZ25ble_cordio_get_hci_drivervE10hci_driver  BUILD/DISCO_L475VG_IOT01A/ARMC6/mbed-os/connectivity/drivers/ble/FEATURE_BLE/COMPONENT_BlueNRG_MS/BlueNrgMsHCIDriver.o
    0x100004a0   0x00000004   Zero   RW        28792    .bss._ZGVZL15default_consolevE7console  BUILD/DISCO_L475VG_IOT01A/ARMC6/mbed-os/platform/source/mbed_retarget.o
    0x100004a4   0x00000004   Zero   RW         3908    .bss._ZGVZN3ble3BLE8InstanceEvE12ble_instance  BUILD/DISCO_L475VG_IOT01A/ARMC6/mbed-os/connectivity/FEATURE_BLE/source/BLE.o
    0x100004a8   0x00000004   Zero   RW         4617    .bss._ZGVZN3ble4impl10GattServer11getInstanceEvE10m_instance  BUILD/DISCO_L475VG_IOT01A/ARMC6/mbed-os/connectivity/FEATURE_BLE/source/cordio/source/GattServerImpl.o
    0x100004ac   0x00000004   Zero   RW         4444    .bss._ZGVZN3ble4impl15BLEInstanceBase13getGattClientEvE11gatt_client  BUILD/DISCO_L475VG_IOT01A/ARMC6/mbed-os/connectivity/FEATURE_BLE/source/cordio/source/BLEInstanceBaseImpl.o
    0x100004b0   0x00000004   Zero   RW         4442    .bss._ZGVZN3ble4impl15BLEInstanceBase17getGattClientImplEvE11gatt_client  BUILD/DISCO_L475VG_IOT01A/ARMC6/mbed-os/connectivity/FEATURE_BLE/source/cordio/source/BLEInstanceBaseImpl.o
    0x100004b4   0x00000004   Zero   RW         4454    .bss._ZGVZN3ble4impl15BLEInstanceBase25getPrivateAddressRegistryEvE8registry  BUILD/DISCO_L475VG_IOT01A/ARMC6/mbed-os/connectivity/FEATURE_BLE/source/cordio/source/BLEInstanceBaseImpl.o
    0x100004b8   0x00000004   Zero   RW         4942    .bss._ZGVZN3ble4impl6PalGap7get_gapEvE4_gap  BUILD/DISCO_L475VG_IOT01A/ARMC6/mbed-os/connectivity/FEATURE_BLE/source/cordio/source/PalGapImpl.o
    0x100004bc   0x0000005c   Zero   RW        35003    .bss._ZL11event_queue  BUILD/DISCO_L475VG_IOT01A/ARMC6/source/main.o
    0x10000518   0x00000010   Zero   RW        28783    .bss._ZL14stdio_out_prev  BUILD/DISCO_L475VG_IOT01A/ARMC6/mbed-os/platform/source/mbed_retarget.o
    0x10000528   0x00000028   Zero   RW        28779    .bss._ZL16filehandle_mutex  BUILD/DISCO_L475VG_IOT01A/ARMC6/mbed-os/platform/source/mbed_retarget.o
    0x10000550   0x00000004   Zero   RW        28023    .bss._ZN10CThunkBase17_cthunk_free_realE  BUILD/DISCO_L475VG_IOT01A/ARMC6/mbed-os/platform/source/CThunkBase.o
    0x10000554   0x00000004   Zero   RW         4429    .bss._ZN3ble4impl15BLEInstanceBase11_hci_driverE  BUILD/DISCO_L475VG_IOT01A/ARMC6/mbed-os/connectivity/FEATURE_BLE/source/cordio/source/BLEInstanceBaseImpl.o
    0x10000558   0x00000004   Zero   RW        28081    .bss._ZN4mbed8FileBase8_defaultE  BUILD/DISCO_L475VG_IOT01A/ARMC6/mbed-os/platform/source/FileBase.o
    0x1000055c   0x00000004   PAD
    0x10000560   0x00000048   Zero   RW        28582    .bss._ZN4mbed8internal12_GLOBAL__N_113os_timer_dataE  BUILD/DISCO_L475VG_IOT01A/ARMC6/mbed-os/platform/source/mbed_os_timer.o
    0x100005a8   0x00000004   Zero   RW        28581    .bss._ZN4mbed8internal8os_timerE  BUILD/DISCO_L475VG_IOT01A/ARMC6/mbed-os/platform/source/mbed_os_timer.o
    0x100005ac   0x000005d8   Zero   RW         7576    .bss._ZZ25ble_cordio_get_hci_drivervE16transport_driver  BUILD/DISCO_L475VG_IOT01A/ARMC6/mbed-os/connectivity/drivers/ble/FEATURE_BLE/COMPONENT_BlueNRG_MS/BlueNrgMsHCIDriver.o
    0x10000b84   0x00000004   PAD
    0x10000b88   0x000008d0   Zero   RW         4314    .bss._ZZN3ble15CordioHCIDriver35get_default_buffer_pool_descriptionEvE6buffer  BUILD/DISCO_L475VG_IOT01A/ARMC6/mbed-os/connectivity/FEATURE_BLE/source/cordio/driver/CordioHCIDriver.o
    0x10001458   0x0000001c   Zero   RW         3907    .bss._ZZN3ble3BLE8InstanceEvE12ble_instance  BUILD/DISCO_L475VG_IOT01A/ARMC6/mbed-os/connectivity/FEATURE_BLE/source/BLE.o
    0x10001474   0x00000004   Zero   RW         3905    .bss._ZZN3ble3BLE8InstanceEvE9transport  BUILD/DISCO_L475VG_IOT01A/ARMC6/mbed-os/connectivity/FEATURE_BLE/source/BLE.o
    0x10001478   0x00000028   Zero   RW         4702    .bss._ZZN3ble4impl12PalAttClient10get_clientEvE7_client  BUILD/DISCO_L475VG_IOT01A/ARMC6/mbed-os/connectivity/FEATURE_BLE/source/cordio/source/PalAttClientImpl.o
    0x100014a0   0x00000004   Zero   RW         4439    .bss._ZZN3ble4impl15BLEInstanceBase13getGattServerEvE6server  BUILD/DISCO_L475VG_IOT01A/ARMC6/mbed-os/connectivity/FEATURE_BLE/source/cordio/source/BLEInstanceBaseImpl.o
    0x100014a4   0x00000004   PAD
    0x100014a8   0x00000038   Zero   RW         4430    .bss._ZZN3ble4impl15BLEInstanceBase14deviceInstanceEvE8instance  BUILD/DISCO_L475VG_IOT01A/ARMC6/mbed-os/connectivity/FEATURE_BLE/source/cordio/source/BLEInstanceBaseImpl.o
    0x100014e0   0x0000002c   Zero   RW         4445    .bss._ZZN3ble4impl15BLEInstanceBase16getPalGattClientEvE15pal_gatt_client  BUILD/DISCO_L475VG_IOT01A/ARMC6/mbed-os/connectivity/FEATURE_BLE/source/cordio/source/BLEInstanceBaseImpl.o
    0x1000150c   0x00000004   Zero   RW         4451    .bss._ZZN3ble4impl15BLEInstanceBase18getSecurityManagerEvE10m_instance  BUILD/DISCO_L475VG_IOT01A/ARMC6/mbed-os/connectivity/FEATURE_BLE/source/cordio/source/BLEInstanceBaseImpl.o
    0x10001510   0x00000004   Zero   RW         4437    .bss._ZZN3ble4impl15BLEInstanceBase6getGapEvE3gap  BUILD/DISCO_L475VG_IOT01A/ARMC6/mbed-os/connectivity/FEATURE_BLE/source/cordio/source/BLEInstanceBaseImpl.o
    0x10001514   0x00000060   Zero   RW         5088    .bss._ZZN3ble4impl18PalSecurityManager20get_security_managerEvE17_security_manager  BUILD/DISCO_L475VG_IOT01A/ARMC6/mbed-os/connectivity/FEATURE_BLE/source/cordio/source/PalSecurityManagerImpl.o
    0x10001574   0x00000004   Zero   RW        29096    .bss._ZZN4rtos6Kernel4impl14get_tick_countEvE6tick_l  BUILD/DISCO_L475VG_IOT01A/ARMC6/mbed-os/rtos/source/Kernel.o
    0x10001578   0x00001000   Zero   RW          602    .bss._main_stack    BUILD/DISCO_L475VG_IOT01A/ARMC6/mbed-os/cmsis/device/rtos/source/mbed_rtos_rtx.o
    0x10002578   0x00000020   Zero   RW          575    .bss._static_mutexes  BUILD/DISCO_L475VG_IOT01A/ARMC6/mbed-os/cmsis/device/rtos/TOOLCHAIN_ARM_STD/mbed_boot_arm_std.o
    0x10002598   0x000000e0   Zero   RW          576    .bss._static_mutexes_mem  BUILD/DISCO_L475VG_IOT01A/ARMC6/mbed-os/cmsis/device/rtos/TOOLCHAIN_ARM_STD/mbed_boot_arm_std.o
    0x10002678   0x00000138   Zero   RW         1817    .bss.attsCb         BUILD/DISCO_L475VG_IOT01A/ARMC6/mbed-os/connectivity/FEATURE_BLE/libraries/cordio_stack/ble-host/sources/stack/att/atts_main.o
    0x100027b0   0x00000214   Zero   RW        34568    .bss.channels       BUILD/DISCO_L475VG_IOT01A/ARMC6/mbed-os/targets/TARGET_STM/gpio_irq_api.o
    0x100029c4   0x0000000c   Zero   RW         2520    .bss.dmConnActSet   BUILD/DISCO_L475VG_IOT01A/ARMC6/mbed-os/connectivity/FEATURE_BLE/libraries/cordio_stack/ble-host/sources/stack/dm/dm_conn_sm.o
    0x100029d0   0x00000004   Zero   RW         2552    .bss.dmDevCb        BUILD/DISCO_L475VG_IOT01A/ARMC6/mbed-os/connectivity/FEATURE_BLE/libraries/cordio_stack/ble-host/sources/stack/dm/dm_dev.o
    0x100029d4   0x00000001   Zero   RW         2809    .bss.dmExtScanActHciReport.filtered  BUILD/DISCO_L475VG_IOT01A/ARMC6/mbed-os/connectivity/FEATURE_BLE/libraries/cordio_stack/ble-host/sources/stack/dm/dm_scan_ae.o
    0x100029d5   0x00000001   PAD
    0x100029d6   0x00000012   Zero   RW         2029    .bss.dmPerAdvCb     BUILD/DISCO_L475VG_IOT01A/ARMC6/mbed-os/connectivity/FEATURE_BLE/libraries/cordio_stack/ble-host/sources/stack/dm/dm_adv_ae.o
    0x100029e8   0x00000024   Zero   RW         2789    .bss.dmScanCb       BUILD/DISCO_L475VG_IOT01A/ARMC6/mbed-os/connectivity/FEATURE_BLE/libraries/cordio_stack/ble-host/sources/stack/dm/dm_scan.o
    0x10002a0c   0x00000010   Zero   RW         2863    .bss.dmSecCb        BUILD/DISCO_L475VG_IOT01A/ARMC6/mbed-os/connectivity/FEATURE_BLE/libraries/cordio_stack/ble-host/sources/stack/dm/dm_sec.o
    0x10002a1c   0x00000004   Zero   RW        28516    .bss.error_count    BUILD/DISCO_L475VG_IOT01A/ARMC6/mbed-os/platform/source/mbed_error.o
    0x10002a20   0x00000038   Zero   RW        27765    .bss.events         BUILD/DISCO_L475VG_IOT01A/ARMC6/mbed-os/hal/source/mbed_lp_ticker_api.o
    0x10002a58   0x00000001   Zero   RW        28519    .bss.halt_in_progress  BUILD/DISCO_L475VG_IOT01A/ARMC6/mbed-os/platform/source/mbed_error.o
    0x10002a59   0x00000007   PAD
    0x10002a60   0x000000a8   Zero   RW          719    .bss.hciCoreCb      BUILD/DISCO_L475VG_IOT01A/ARMC6/mbed-os/connectivity/FEATURE_BLE/libraries/cordio_stack/ble-host/sources/hci/common/hci_core.o
    0x10002b08   0x00000018   Zero   RW         1157    .bss.hciEvtStats    BUILD/DISCO_L475VG_IOT01A/ARMC6/mbed-os/connectivity/FEATURE_BLE/libraries/cordio_stack/ble-host/sources/hci/dual_chip/hci_evt.o
    0x10002b20   0x00000004   Zero   RW         5102    .bss.hciTrSerialRxIncoming.hdrRx  BUILD/DISCO_L475VG_IOT01A/ARMC6/mbed-os/connectivity/FEATURE_BLE/source/cordio/stack_adaptation/hci_tr.o
    0x10002b24   0x00000002   Zero   RW         5101    .bss.hciTrSerialRxIncoming.iRx  BUILD/DISCO_L475VG_IOT01A/ARMC6/mbed-os/connectivity/FEATURE_BLE/source/cordio/stack_adaptation/hci_tr.o
    0x10002b26   0x00000002   PAD
    0x10002b28   0x00000004   Zero   RW         5104    .bss.hciTrSerialRxIncoming.pDataRx  BUILD/DISCO_L475VG_IOT01A/ARMC6/mbed-os/connectivity/FEATURE_BLE/source/cordio/stack_adaptation/hci_tr.o
    0x10002b2c   0x00000001   Zero   RW         5100    .bss.hciTrSerialRxIncoming.pktIndRx  BUILD/DISCO_L475VG_IOT01A/ARMC6/mbed-os/connectivity/FEATURE_BLE/source/cordio/stack_adaptation/hci_tr.o
    0x10002b2d   0x00000001   PAD
    0x10002b2e   0x00000002   Zero   RW        34567    .bss.irq_channel_used  BUILD/DISCO_L475VG_IOT01A/ARMC6/mbed-os/targets/TARGET_STM/gpio_irq_api.o
    0x10002b30   0x00000004   Zero   RW        34520    .bss.irq_handler    BUILD/DISCO_L475VG_IOT01A/ARMC6/mbed-os/targets/TARGET_STM/can_api.o
    0x10002b34   0x00000004   Zero   RW        34569    .bss.irq_handler    BUILD/DISCO_L475VG_IOT01A/ARMC6/mbed-os/targets/TARGET_STM/gpio_irq_api.o
    0x10002b38   0x00000018   Zero   RW         3113    .bss.l2cSlaveCb     BUILD/DISCO_L475VG_IOT01A/ARMC6/mbed-os/connectivity/FEATURE_BLE/libraries/cordio_stack/ble-host/sources/stack/l2c/l2c_slave.o
    0x10002b50   0x00000040   Zero   RW        28513    .bss.last_error_ctx  BUILD/DISCO_L475VG_IOT01A/ARMC6/mbed-os/platform/source/mbed_error.o
    0x10002b90   0x00000060   Zero   RW         2889    .bss.localEccKey    BUILD/DISCO_L475VG_IOT01A/ARMC6/mbed-os/connectivity/FEATURE_BLE/libraries/cordio_stack/ble-host/sources/stack/dm/dm_sec_lesc.o
    0x10002bf0   0x00000001   Zero   RW        34697    .bss.lp_delayed_prog  BUILD/DISCO_L475VG_IOT01A/ARMC6/mbed-os/targets/TARGET_STM/lp_ticker.o
    0x10002bf1   0x00000001   Zero   RW        28512    .bss.mbed_error_in_progress  BUILD/DISCO_L475VG_IOT01A/ARMC6/mbed-os/platform/source/mbed_error.o
    0x10002bf2   0x00000002   PAD
    0x10002bf4   0x00000004   Zero   RW        28778    .bss.mbed_heap_size  BUILD/DISCO_L475VG_IOT01A/ARMC6/mbed-os/platform/source/mbed_retarget.o
    0x10002bf8   0x00000004   Zero   RW        34724    .bss.mbed_sdk_inited  BUILD/DISCO_L475VG_IOT01A/ARMC6/mbed-os/targets/TARGET_STM/mbed_overrides.o
    0x10002bfc   0x00000004   Zero   RW          593    .bss.mbed_stack_isr_size  BUILD/DISCO_L475VG_IOT01A/ARMC6/mbed-os/cmsis/device/rtos/source/mbed_boot.o
    0x10002c00   0x00000004   Zero   RW          592    .bss.mbed_stack_isr_start  BUILD/DISCO_L475VG_IOT01A/ARMC6/mbed-os/cmsis/device/rtos/source/mbed_boot.o
    0x10002c04   0x00000040   Zero   RW          194    .bss.os             BUILD/DISCO_L475VG_IOT01A/ARMC6/mbed-os/cmsis/CMSIS_5/CMSIS/RTOS2/RTX/Source/rtx_lib.o
    0x10002c44   0x000001f0   Zero   RW          574    .bss.os.libspace    BUILD/DISCO_L475VG_IOT01A/ARMC6/mbed-os/cmsis/device/rtos/TOOLCHAIN_ARM_STD/mbed_boot_arm_std.o
    0x10002e34   0x00000088   Zero   RW          202    .bss.os.thread.cb   BUILD/DISCO_L475VG_IOT01A/ARMC6/mbed-os/cmsis/CMSIS_5/CMSIS/RTOS2/RTX/Source/rtx_lib.o
    0x10002ebc   0x00000044   Zero   RW          604    .bss.os.thread.cb   BUILD/DISCO_L475VG_IOT01A/ARMC6/mbed-os/cmsis/device/rtos/source/mbed_rtos_rtx.o
    0x10002f00   0x00000300   Zero   RW          204    .bss.os.thread.timer.stack  BUILD/DISCO_L475VG_IOT01A/ARMC6/mbed-os/cmsis/CMSIS_5/CMSIS/RTOS2/RTX/Source/rtx_lib.o
    0x10003200   0x00000001   Zero   RW          577    .bss.os_kernel_is_active.os_kernel_active  BUILD/DISCO_L475VG_IOT01A/ARMC6/mbed-os/cmsis/device/rtos/TOOLCHAIN_ARM_STD/mbed_boot_arm_std.o
    0x10003201   0x00000003   PAD
    0x10003204   0x0000000c   Zero   RW         1647    .bss.pAttcSignCb    BUILD/DISCO_L475VG_IOT01A/ARMC6/mbed-os/connectivity/FEATURE_BLE/libraries/cordio_stack/ble-host/sources/stack/att/attc_sign.o
    0x10003210   0x00000001   Zero   RW        34699    .bss.roll_over_flag  BUILD/DISCO_L475VG_IOT01A/ARMC6/mbed-os/targets/TARGET_STM/lp_ticker.o
    0x10003211   0x00000003   PAD
    0x10003214   0x00000050   Zero   RW         1229    .bss.secCb          BUILD/DISCO_L475VG_IOT01A/ARMC6/mbed-os/connectivity/FEATURE_BLE/libraries/cordio_stack/ble-host/sources/sec/common/sec_main.o
    0x10003264   0x0000001c   Zero   RW          606    .bss.singleton_mutex_obj  BUILD/DISCO_L475VG_IOT01A/ARMC6/mbed-os/cmsis/device/rtos/source/mbed_rtos_rtx.o
    0x10003280   0x00000001   Zero   RW        34702    .bss.sleep_manager_locked  BUILD/DISCO_L475VG_IOT01A/ARMC6/mbed-os/targets/TARGET_STM/lp_ticker.o
    0x10003281   0x00000003   PAD
    0x10003284   0x000000fc   Zero   RW         3232    .bss.smpCb          BUILD/DISCO_L475VG_IOT01A/ARMC6/mbed-os/connectivity/FEATURE_BLE/libraries/cordio_stack/ble-host/sources/stack/smp/smp_main.o
    0x10003380   0x00000058   Zero   RW         3188    .bss.smpDbCb        BUILD/DISCO_L475VG_IOT01A/ARMC6/mbed-os/connectivity/FEATURE_BLE/libraries/cordio_stack/ble-host/sources/stack/smp/smp_db.o
    0x100033d8   0x00000001   Zero   RW         4425    .bss.stack_handler_id  BUILD/DISCO_L475VG_IOT01A/ARMC6/mbed-os/connectivity/FEATURE_BLE/source/cordio/source/BLEInstanceBaseImpl.o
    0x100033d9   0x00000001   Zero   RW        27726    .bss.state_saved    BUILD/DISCO_L475VG_IOT01A/ARMC6/mbed-os/hal/source/mbed_critical_section_api.o
    0x100033da   0x00000002   PAD
    0x100033dc   0x00000004   Zero   RW          641    .bss.terminate_hook  BUILD/DISCO_L475VG_IOT01A/ARMC6/mbed-os/cmsis/device/rtos/source/mbed_rtx_handlers.o
    0x100033e0   0x00000004   Zero   RW        34979    .bss.timer_cnt_reg  BUILD/DISCO_L475VG_IOT01A/ARMC6/mbed-os/targets/TARGET_STM/us_ticker.o
    0x100033e4   0x00000004   Zero   RW        34981    .bss.timer_dier_reg  BUILD/DISCO_L475VG_IOT01A/ARMC6/mbed-os/targets/TARGET_STM/us_ticker.o
    0x100033e8   0x00000004   Zero   RW        34582    .bss.total_ticks    BUILD/DISCO_L475VG_IOT01A/ARMC6/mbed-os/targets/TARGET_STM/hal_tick_overrides.o
    0x100033ec   0x00000318   Zero   RW        34356    .bss.uart_handlers  BUILD/DISCO_L475VG_IOT01A/ARMC6/mbed-os/targets/TARGET_STM/TARGET_STM32L4/serial_device.o
    0x10003704   0x00000004   Zero   RW         3624    .bss.wsfBufMem      BUILD/DISCO_L475VG_IOT01A/ARMC6/mbed-os/connectivity/FEATURE_BLE/libraries/cordio_stack/wsf/sources/port/baremetal/wsf_buf.o
    0x10003708   0x00000001   Zero   RW         3625    .bss.wsfBufNumPools  BUILD/DISCO_L475VG_IOT01A/ARMC6/mbed-os/connectivity/FEATURE_BLE/libraries/cordio_stack/wsf/sources/port/baremetal/wsf_buf.o
    0x10003709   0x00000003   PAD
    0x1000370c   0x00000004   Zero   RW         3755    .bss.wsfTimerRtcLastTicks  BUILD/DISCO_L475VG_IOT01A/ARMC6/mbed-os/connectivity/FEATURE_BLE/libraries/cordio_stack/wsf/sources/port/baremetal/wsf_timer.o


    Execution Region RW_IRAM1 (Base: 0x20000000, Size: 0x000017bc, Max: 0x00006000, ABSOLUTE, COMPRESSED[0x0000006c])

    Base Addr    Size         Type   Attr      Idx    E Section Name        Object

    0x20000000   0x00000004   Data   RW        35222    .data               c:\ProgramData\Mbed Studio\mbed-studio-tools\ac6\bin\..\lib\armlib\c_w.l(stdio_streams.o)
    0x20000004   0x00000004   Data   RW        35224    .data               c:\ProgramData\Mbed Studio\mbed-studio-tools\ac6\bin\..\lib\armlib\c_w.l(stdio_streams.o)
    0x20000008   0x00000004   Data   RW        34214    .data.SystemCoreClock  BUILD/DISCO_L475VG_IOT01A/ARMC6/mbed-os/targets/TARGET_STM/TARGET_STM32L4/STM32Cube_FW/system_stm32l4xx.o
    0x2000000c   0x00000004   Data   RW          672    .data._ZL14idle_hook_fptr  BUILD/DISCO_L475VG_IOT01A/ARMC6/mbed-os/cmsis/device/rtos/source/mbed_rtx_idle.o
    0x20000010   0x00000004   Data   RW         4328    .data._ZN3ble24CordioHCITransportDriver21data_received_handlerE  BUILD/DISCO_L475VG_IOT01A/ARMC6/mbed-os/connectivity/FEATURE_BLE/source/cordio/driver/CordioHCITransportDriver.o
    0x20000014   0x00000014   Data   RW         4615    .data._ZN3ble4impl12_GLOBAL__N_19CCCD_UUIDE  BUILD/DISCO_L475VG_IOT01A/ARMC6/mbed-os/connectivity/FEATURE_BLE/source/cordio/source/GattServerImpl.o
    0x20000028   0x00000014   Data   RW         4432    .data._ZN3ble4impl15BLEInstanceBase14_init_callbackE  BUILD/DISCO_L475VG_IOT01A/ARMC6/mbed-os/connectivity/FEATURE_BLE/source/cordio/source/BLEInstanceBaseImpl.o
    0x2000003c   0x0000000c   Data   RW         5008    .data._ZZN3ble4impl27PalPrivateAddressController8instanceEvE4self  BUILD/DISCO_L475VG_IOT01A/ARMC6/mbed-os/connectivity/FEATURE_BLE/source/cordio/source/PalPrivateAddressControllerImpl.o
    0x20000048   0x00000008   Data   RW         1891    .data.attCfg        BUILD/DISCO_L475VG_IOT01A/ARMC6/mbed-os/connectivity/FEATURE_BLE/libraries/cordio_stack/ble-host/sources/stack/cfg/cfg_stack.o
    0x20000050   0x00000048   Data   RW         1816    .data.attsProcFcnTbl  BUILD/DISCO_L475VG_IOT01A/ARMC6/mbed-os/connectivity/FEATURE_BLE/libraries/cordio_stack/ble-host/sources/stack/att/atts_main.o
    0x20000098   0x00000004   Data   RW        27856    .data.irq_handler   BUILD/DISCO_L475VG_IOT01A/ARMC6/mbed-os/hal/source/mbed_us_ticker_api.o
    0x2000009c   0x000000a4   Data   RW          189    .data.os            BUILD/DISCO_L475VG_IOT01A/ARMC6/mbed-os/cmsis/CMSIS_5/CMSIS/RTOS2/RTX/Source/rtx_kernel.o
    0x20000140   0x00000004   Data   RW         1896    .data.pSmpCfg       BUILD/DISCO_L475VG_IOT01A/ARMC6/mbed-os/connectivity/FEATURE_BLE/libraries/cordio_stack/ble-host/sources/stack/cfg/cfg_stack.o
    0x20000144   0x00000054   Zero   RW        35220    .bss                c:\ProgramData\Mbed Studio\mbed-studio-tools\ac6\bin\..\lib\armlib\c_w.l(stdio_streams.o)
    0x20000198   0x00000060   Zero   RW        35455    .bss                c:\ProgramData\Mbed Studio\mbed-studio-tools\ac6\bin\..\lib\armlib\c_w.l(libspace.o)
    0x200001f8   0x00000001   Zero   RW        34703    .bss.LPTICKER_inited  BUILD/DISCO_L475VG_IOT01A/ARMC6/mbed-os/targets/TARGET_STM/lp_ticker.o
    0x200001f9   0x00000003   PAD
    0x200001fc   0x00000054   Zero   RW         3330    .bss.SMP_ScCcb      BUILD/DISCO_L475VG_IOT01A/ARMC6/mbed-os/connectivity/FEATURE_BLE/libraries/cordio_stack/ble-host/sources/stack/smp/smp_sc_main.o
    0x20000250   0x00000004   Zero   RW         4427    .bss.SystemHeapSize  BUILD/DISCO_L475VG_IOT01A/ARMC6/mbed-os/connectivity/FEATURE_BLE/source/cordio/source/BLEInstanceBaseImpl.o
    0x20000254   0x00000004   Zero   RW         7577    .bss._ZGVZ25ble_cordio_get_hci_drivervE16transport_driver  BUILD/DISCO_L475VG_IOT01A/ARMC6/mbed-os/connectivity/drivers/ble/FEATURE_BLE/COMPONENT_BlueNRG_MS/BlueNrgMsHCIDriver.o
    0x20000258   0x00000004   Zero   RW         3906    .bss._ZGVZN3ble3BLE8InstanceEvE9transport  BUILD/DISCO_L475VG_IOT01A/ARMC6/mbed-os/connectivity/FEATURE_BLE/source/BLE.o
    0x2000025c   0x00000004   Zero   RW         4703    .bss._ZGVZN3ble4impl12PalAttClient10get_clientEvE7_client  BUILD/DISCO_L475VG_IOT01A/ARMC6/mbed-os/connectivity/FEATURE_BLE/source/cordio/source/PalAttClientImpl.o
    0x20000260   0x00000004   Zero   RW         4436    .bss._ZGVZN3ble4impl15BLEInstanceBase10getGapImplEvE3gap  BUILD/DISCO_L475VG_IOT01A/ARMC6/mbed-os/connectivity/FEATURE_BLE/source/cordio/source/BLEInstanceBaseImpl.o
    0x20000264   0x00000004   Zero   RW         4440    .bss._ZGVZN3ble4impl15BLEInstanceBase13getGattServerEvE6server  BUILD/DISCO_L475VG_IOT01A/ARMC6/mbed-os/connectivity/FEATURE_BLE/source/cordio/source/BLEInstanceBaseImpl.o
    0x20000268   0x00000004   Zero   RW         4459    .bss._ZGVZN3ble4impl15BLEInstanceBase14callDispatcherEvE11nextTimeout  BUILD/DISCO_L475VG_IOT01A/ARMC6/mbed-os/connectivity/FEATURE_BLE/source/cordio/source/BLEInstanceBaseImpl.o
    0x2000026c   0x00000004   Zero   RW         4431    .bss._ZGVZN3ble4impl15BLEInstanceBase14deviceInstanceEvE8instance  BUILD/DISCO_L475VG_IOT01A/ARMC6/mbed-os/connectivity/FEATURE_BLE/source/cordio/source/BLEInstanceBaseImpl.o
    0x20000270   0x00000004   Zero   RW         4446    .bss._ZGVZN3ble4impl15BLEInstanceBase16getPalGattClientEvE15pal_gatt_client  BUILD/DISCO_L475VG_IOT01A/ARMC6/mbed-os/connectivity/FEATURE_BLE/source/cordio/source/BLEInstanceBaseImpl.o
    0x20000274   0x00000004   Zero   RW         4452    .bss._ZGVZN3ble4impl15BLEInstanceBase18getSecurityManagerEvE10m_instance  BUILD/DISCO_L475VG_IOT01A/ARMC6/mbed-os/connectivity/FEATURE_BLE/source/cordio/source/BLEInstanceBaseImpl.o
    0x20000278   0x00000004   Zero   RW         4450    .bss._ZGVZN3ble4impl15BLEInstanceBase22getSecurityManagerImplEvE10m_instance  BUILD/DISCO_L475VG_IOT01A/ARMC6/mbed-os/connectivity/FEATURE_BLE/source/cordio/source/BLEInstanceBaseImpl.o
    0x2000027c   0x00000004   Zero   RW         4438    .bss._ZGVZN3ble4impl15BLEInstanceBase6getGapEvE3gap  BUILD/DISCO_L475VG_IOT01A/ARMC6/mbed-os/connectivity/FEATURE_BLE/source/cordio/source/BLEInstanceBaseImpl.o
    0x20000280   0x00000004   Zero   RW         5089    .bss._ZGVZN3ble4impl18PalSecurityManager20get_security_managerEvE17_security_manager  BUILD/DISCO_L475VG_IOT01A/ARMC6/mbed-os/connectivity/FEATURE_BLE/source/cordio/source/PalSecurityManagerImpl.o
    0x20000284   0x00000010   Zero   RW        28782    .bss._ZL13stdio_in_prev  BUILD/DISCO_L475VG_IOT01A/ARMC6/mbed-os/platform/source/mbed_retarget.o
    0x20000294   0x00000004   Zero   RW        29352    .bss._ZN16QSPIFBlockDevice28_active_qspif_flash_csel_arrE  BUILD/DISCO_L475VG_IOT01A/ARMC6/mbed-os/storage/blockdevice/COMPONENT_QSPIF/source/QSPIFBlockDevice.o
    0x20000298   0x00000002   Zero   RW         4940    .bss._ZN3ble4impl6PalGap29_pending_periodic_sync_handleE  BUILD/DISCO_L475VG_IOT01A/ARMC6/mbed-os/connectivity/FEATURE_BLE/source/cordio/source/PalGapImpl.o
    0x2000029a   0x00000002   PAD
    0x2000029c   0x0000039c   Zero   RW        25784    .bss._ZN4mbed3SPI12_peripheralsE  BUILD/DISCO_L475VG_IOT01A/ARMC6/mbed-os/drivers/source/SPI.o
    0x20000638   0x00000004   Zero   RW        25785    .bss._ZN4mbed3SPI17_peripherals_usedE  BUILD/DISCO_L475VG_IOT01A/ARMC6/mbed-os/drivers/source/SPI.o
    0x2000063c   0x00000004   Zero   RW        28079    .bss._ZN4mbed8FileBase5_headE  BUILD/DISCO_L475VG_IOT01A/ARMC6/mbed-os/platform/source/FileBase.o
    0x20000640   0x00000028   Zero   RW        28080    .bss._ZN4mbed8FileBase6_mutexE  BUILD/DISCO_L475VG_IOT01A/ARMC6/mbed-os/platform/source/FileBase.o
    0x20000668   0x00000038   Zero   RW         7578    .bss._ZZ25ble_cordio_get_hci_drivervE10hci_driver  BUILD/DISCO_L475VG_IOT01A/ARMC6/mbed-os/connectivity/drivers/ble/FEATURE_BLE/COMPONENT_BlueNRG_MS/BlueNrgMsHCIDriver.o
    0x200006a0   0x00000004   Zero   RW        28791    .bss._ZZL15default_consolevE7console  BUILD/DISCO_L475VG_IOT01A/ARMC6/mbed-os/platform/source/mbed_retarget.o
    0x200006a4   0x00000001   Zero   RW         4317    .bss._ZZN3ble15CordioHCIDriver21handle_reset_sequenceEPhE7randCnt  BUILD/DISCO_L475VG_IOT01A/ARMC6/mbed-os/connectivity/FEATURE_BLE/source/cordio/driver/CordioHCIDriver.o
    0x200006a5   0x00000003   PAD
    0x200006a8   0x0000025c   Zero   RW         4616    .bss._ZZN3ble4impl10GattServer11getInstanceEvE10m_instance  BUILD/DISCO_L475VG_IOT01A/ARMC6/mbed-os/connectivity/FEATURE_BLE/source/cordio/source/GattServerImpl.o
    0x20000904   0x00000004   PAD
    0x20000908   0x000001a0   Zero   RW         4435    .bss._ZZN3ble4impl15BLEInstanceBase10getGapImplEvE3gap  BUILD/DISCO_L475VG_IOT01A/ARMC6/mbed-os/connectivity/FEATURE_BLE/source/cordio/source/BLEInstanceBaseImpl.o
    0x20000aa8   0x00000004   Zero   RW         4443    .bss._ZZN3ble4impl15BLEInstanceBase13getGattClientEvE11gatt_client  BUILD/DISCO_L475VG_IOT01A/ARMC6/mbed-os/connectivity/FEATURE_BLE/source/cordio/source/BLEInstanceBaseImpl.o
    0x20000aac   0x00000004   PAD
    0x20000ab0   0x00000040   Zero   RW         4458    .bss._ZZN3ble4impl15BLEInstanceBase14callDispatcherEvE11nextTimeout  BUILD/DISCO_L475VG_IOT01A/ARMC6/mbed-os/connectivity/FEATURE_BLE/source/cordio/source/BLEInstanceBaseImpl.o
    0x20000af0   0x00000060   Zero   RW         4441    .bss._ZZN3ble4impl15BLEInstanceBase17getGattClientImplEvE11gatt_client  BUILD/DISCO_L475VG_IOT01A/ARMC6/mbed-os/connectivity/FEATURE_BLE/source/cordio/source/BLEInstanceBaseImpl.o
    0x20000b50   0x000000f0   Zero   RW         4449    .bss._ZZN3ble4impl15BLEInstanceBase22getSecurityManagerImplEvE10m_instance  BUILD/DISCO_L475VG_IOT01A/ARMC6/mbed-os/connectivity/FEATURE_BLE/source/cordio/source/BLEInstanceBaseImpl.o
    0x20000c40   0x00000200   Zero   RW         4453    .bss._ZZN3ble4impl15BLEInstanceBase25getPrivateAddressRegistryEvE8registry  BUILD/DISCO_L475VG_IOT01A/ARMC6/mbed-os/connectivity/FEATURE_BLE/source/cordio/source/BLEInstanceBaseImpl.o
    0x20000e40   0x00000058   Zero   RW         4941    .bss._ZZN3ble4impl6PalGap7get_gapEvE4_gap  BUILD/DISCO_L475VG_IOT01A/ARMC6/mbed-os/connectivity/FEATURE_BLE/source/cordio/source/PalGapImpl.o
    0x20000e98   0x00000001   Zero   RW         7632    .bss._ZZN3ble6vendor10bluenrg_ms9HCIDriver21handle_reset_sequenceEPhE7randCnt  BUILD/DISCO_L475VG_IOT01A/ARMC6/mbed-os/connectivity/drivers/ble/FEATURE_BLE/COMPONENT_BlueNRG_MS/BlueNrgMsHCIDriver.o
    0x20000e99   0x00000003   PAD
    0x20000e9c   0x00000004   Zero   RW        29095    .bss._ZZN4rtos6Kernel4impl14get_tick_countEvE6tick_h  BUILD/DISCO_L475VG_IOT01A/ARMC6/mbed-os/rtos/source/Kernel.o
    0x20000ea0   0x00000024   Zero   RW          603    .bss._main_thread_attr  BUILD/DISCO_L475VG_IOT01A/ARMC6/mbed-os/cmsis/device/rtos/source/mbed_rtos_rtx.o
    0x20000ec4   0x00000058   Zero   RW         1318    .bss.attCb          BUILD/DISCO_L475VG_IOT01A/ARMC6/mbed-os/connectivity/FEATURE_BLE/libraries/cordio_stack/ble-host/sources/stack/att/att_main.o
    0x20000f1c   0x00000134   Zero   RW         1583    .bss.attcCb         BUILD/DISCO_L475VG_IOT01A/ARMC6/mbed-os/connectivity/FEATURE_BLE/libraries/cordio_stack/ble-host/sources/stack/att/attc_main.o
    0x20001050   0x00000018   Zero   RW         1678    .bss.attsCccCb      BUILD/DISCO_L475VG_IOT01A/ARMC6/mbed-os/connectivity/FEATURE_BLE/libraries/cordio_stack/ble-host/sources/stack/att/atts_ccc.o
    0x20001068   0x00000010   Zero   RW         1703    .bss.attsCsfCb      BUILD/DISCO_L475VG_IOT01A/ARMC6/mbed-os/connectivity/FEATURE_BLE/libraries/cordio_stack/ble-host/sources/stack/att/atts_csf.o
    0x20001078   0x00000038   Zero   RW         1872    .bss.attsSignCb     BUILD/DISCO_L475VG_IOT01A/ARMC6/mbed-os/connectivity/FEATURE_BLE/libraries/cordio_stack/ble-host/sources/stack/att/atts_sign.o
    0x200010b0   0x00000004   Zero   RW        34521    .bss.can_irq_ids    BUILD/DISCO_L475VG_IOT01A/ARMC6/mbed-os/targets/TARGET_STM/can_api.o
    0x200010b4   0x00000001   Zero   RW        27727    .bss.critical_interrupts_enabled  BUILD/DISCO_L475VG_IOT01A/ARMC6/mbed-os/hal/source/mbed_critical_section_api.o
    0x200010b5   0x00000003   PAD
    0x200010b8   0x00000004   Zero   RW        28463    .bss.critical_section_reentrancy_counter  BUILD/DISCO_L475VG_IOT01A/ARMC6/mbed-os/platform/source/mbed_critical.o
    0x200010bc   0x00000002   Zero   RW        28609    .bss.deep_sleep_lock  BUILD/DISCO_L475VG_IOT01A/ARMC6/mbed-os/platform/source/mbed_power_mgmt.o
    0x200010be   0x00000002   PAD
    0x200010c0   0x00000044   Zero   RW         1929    .bss.dmAdvCb        BUILD/DISCO_L475VG_IOT01A/ARMC6/mbed-os/connectivity/FEATURE_BLE/libraries/cordio_stack/ble-host/sources/stack/dm/dm_adv.o
    0x20001104   0x00000018   Zero   RW         2679    .bss.dmCb           BUILD/DISCO_L475VG_IOT01A/ARMC6/mbed-os/connectivity/FEATURE_BLE/libraries/cordio_stack/ble-host/sources/stack/dm/dm_main.o
    0x2000111c   0x000000d4   Zero   RW         2388    .bss.dmConnCb       BUILD/DISCO_L475VG_IOT01A/ARMC6/mbed-os/connectivity/FEATURE_BLE/libraries/cordio_stack/ble-host/sources/stack/dm/dm_conn.o
    0x200011f0   0x0000000c   Zero   RW         2390    .bss.dmConnUpdActSet  BUILD/DISCO_L475VG_IOT01A/ARMC6/mbed-os/connectivity/FEATURE_BLE/libraries/cordio_stack/ble-host/sources/stack/dm/dm_conn.o
    0x200011fc   0x0000002a   Zero   RW         2028    .bss.dmExtAdvCb     BUILD/DISCO_L475VG_IOT01A/ARMC6/mbed-os/connectivity/FEATURE_BLE/libraries/cordio_stack/ble-host/sources/stack/dm/dm_adv_ae.o
    0x20001226   0x00000001   Zero   RW         2810    .bss.dmExtScanActHciReport.firstFrag  BUILD/DISCO_L475VG_IOT01A/ARMC6/mbed-os/connectivity/FEATURE_BLE/libraries/cordio_stack/ble-host/sources/stack/dm/dm_scan_ae.o
    0x20001227   0x00000001   Zero   RW         2069    .bss.dmLegAdvCb.0   BUILD/DISCO_L475VG_IOT01A/ARMC6/mbed-os/connectivity/FEATURE_BLE/libraries/cordio_stack/ble-host/sources/stack/dm/dm_adv_leg.o
    0x20001228   0x0000001a   Zero   RW         2774    .bss.dmPrivCb       BUILD/DISCO_L475VG_IOT01A/ARMC6/mbed-os/connectivity/FEATURE_BLE/libraries/cordio_stack/ble-host/sources/stack/dm/dm_priv.o
    0x20001242   0x00000002   PAD
    0x20001244   0x00000004   Zero   RW         2888    .bss.dmSecOobRand   BUILD/DISCO_L475VG_IOT01A/ARMC6/mbed-os/connectivity/FEATURE_BLE/libraries/cordio_stack/ble-host/sources/stack/dm/dm_sec_lesc.o
    0x20001248   0x0000000e   Zero   RW         2959    .bss.dmSyncCb       BUILD/DISCO_L475VG_IOT01A/ARMC6/mbed-os/connectivity/FEATURE_BLE/libraries/cordio_stack/ble-host/sources/stack/dm/dm_sync_ae.o
    0x20001256   0x00000002   PAD
    0x20001258   0x00000004   Zero   RW        28518    .bss.error_hook     BUILD/DISCO_L475VG_IOT01A/ARMC6/mbed-os/platform/source/mbed_error.o
    0x2000125c   0x00000004   PAD
    0x20001260   0x00000038   Zero   RW        27858    .bss.events         BUILD/DISCO_L475VG_IOT01A/ARMC6/mbed-os/hal/source/mbed_us_ticker_api.o
    0x20001298   0x00000040   Zero   RW        28515    .bss.first_error_ctx  BUILD/DISCO_L475VG_IOT01A/ARMC6/mbed-os/platform/source/mbed_error.o
    0x200012d8   0x00000001   Zero   RW        34698    .bss.future_event_flag  BUILD/DISCO_L475VG_IOT01A/ARMC6/mbed-os/targets/TARGET_STM/lp_ticker.o
    0x200012d9   0x00000003   PAD
    0x200012dc   0x00000024   Zero   RW         2977    .bss.hciCb          BUILD/DISCO_L475VG_IOT01A/ARMC6/mbed-os/connectivity/FEATURE_BLE/libraries/cordio_stack/ble-host/sources/stack/hci/hci_main.o
    0x20001300   0x0000001c   Zero   RW          856    .bss.hciCmdCb       BUILD/DISCO_L475VG_IOT01A/ARMC6/mbed-os/connectivity/FEATURE_BLE/libraries/cordio_stack/ble-host/sources/hci/dual_chip/hci_cmd.o
    0x2000131c   0x00000004   Zero   RW         5103    .bss.hciTrSerialRxIncoming.pPktRx  BUILD/DISCO_L475VG_IOT01A/ARMC6/mbed-os/connectivity/FEATURE_BLE/source/cordio/stack_adaptation/hci_tr.o
    0x20001320   0x00000001   Zero   RW         5099    .bss.hciTrSerialRxIncoming.stateRx  BUILD/DISCO_L475VG_IOT01A/ARMC6/mbed-os/connectivity/FEATURE_BLE/source/cordio/stack_adaptation/hci_tr.o
    0x20001321   0x00000001   Zero   RW        28514    .bss.is_reboot_error_valid  BUILD/DISCO_L475VG_IOT01A/ARMC6/mbed-os/platform/source/mbed_error.o
    0x20001322   0x00000002   PAD
    0x20001324   0x00000028   Zero   RW         3090    .bss.l2cCb          BUILD/DISCO_L475VG_IOT01A/ARMC6/mbed-os/connectivity/FEATURE_BLE/libraries/cordio_stack/ble-host/sources/stack/l2c/l2c_main.o
    0x2000134c   0x00000001   Zero   RW        34696    .bss.lp_Fired       BUILD/DISCO_L475VG_IOT01A/ARMC6/mbed-os/targets/TARGET_STM/lp_ticker.o
    0x2000134d   0x00000001   Zero   RW        34700    .bss.lp_cmpok       BUILD/DISCO_L475VG_IOT01A/ARMC6/mbed-os/targets/TARGET_STM/lp_ticker.o
    0x2000134e   0x00000002   PAD
    0x20001350   0x00000004   Zero   RW        34701    .bss.lp_delayed_counter  BUILD/DISCO_L475VG_IOT01A/ARMC6/mbed-os/targets/TARGET_STM/lp_ticker.o
    0x20001354   0x00000004   Zero   RW        28777    .bss.mbed_heap_start  BUILD/DISCO_L475VG_IOT01A/ARMC6/mbed-os/platform/source/mbed_retarget.o
    0x20001358   0x00000034   Zero   RW          205    .bss.os.msgqueue.cb  BUILD/DISCO_L475VG_IOT01A/ARMC6/mbed-os/cmsis/CMSIS_5/CMSIS/RTOS2/RTX/Source/rtx_lib.o
    0x2000138c   0x00000050   Zero   RW          206    .bss.os.msgqueue.mem  BUILD/DISCO_L475VG_IOT01A/ARMC6/mbed-os/cmsis/CMSIS_5/CMSIS/RTOS2/RTX/Source/rtx_lib.o
    0x200013dc   0x00000004   PAD
    0x200013e0   0x00000300   Zero   RW          203    .bss.os.thread.idle.stack  BUILD/DISCO_L475VG_IOT01A/ARMC6/mbed-os/cmsis/CMSIS_5/CMSIS/RTOS2/RTX/Source/rtx_lib.o
    0x200016e0   0x00000002   Zero   RW        34581    .bss.prev_tick_remainder  BUILD/DISCO_L475VG_IOT01A/ARMC6/mbed-os/targets/TARGET_STM/hal_tick_overrides.o
    0x200016e2   0x00000002   PAD
    0x200016e4   0x00000004   Zero   RW        34580    .bss.prev_time      BUILD/DISCO_L475VG_IOT01A/ARMC6/mbed-os/targets/TARGET_STM/hal_tick_overrides.o
    0x200016e8   0x00000004   Zero   RW          608    .bss.singleton_mutex_id  BUILD/DISCO_L475VG_IOT01A/ARMC6/mbed-os/cmsis/device/rtos/source/mbed_rtos_rtx.o
    0x200016ec   0x0000004c   Zero   RW        34872    .bss.stdio_uart     BUILD/DISCO_L475VG_IOT01A/ARMC6/mbed-os/targets/TARGET_STM/serial_api.o
    0x20001738   0x00000004   Zero   RW        34870    .bss.stdio_uart_inited  BUILD/DISCO_L475VG_IOT01A/ARMC6/mbed-os/targets/TARGET_STM/serial_api.o
    0x2000173c   0x00000004   Zero   RW        34980    .bss.timer_ccr1_reg  BUILD/DISCO_L475VG_IOT01A/ARMC6/mbed-os/targets/TARGET_STM/us_ticker.o
    0x20001740   0x00000004   Zero   RW         3626    .bss.wsfBufMemLen   BUILD/DISCO_L475VG_IOT01A/ARMC6/mbed-os/connectivity/FEATURE_BLE/libraries/cordio_stack/wsf/sources/port/baremetal/wsf_buf.o
    0x20001744   0x0000006c   Zero   RW         5215    .bss.wsfOs          BUILD/DISCO_L475VG_IOT01A/ARMC6/mbed-os/connectivity/FEATURE_BLE/source/cordio/stack_adaptation/wsf_os.o
    0x200017b0   0x00000004   Zero   RW         3756    .bss.wsfTimerRtcRemainder  BUILD/DISCO_L475VG_IOT01A/ARMC6/mbed-os/connectivity/FEATURE_BLE/libraries/cordio_stack/wsf/sources/port/baremetal/wsf_timer.o
    0x200017b4   0x00000008   Zero   RW         3754    .bss.wsfTimerTimerQueue  BUILD/DISCO_L475VG_IOT01A/ARMC6/mbed-os/connectivity/FEATURE_BLE/libraries/cordio_stack/wsf/sources/port/baremetal/wsf_timer.o


    Execution Region ARM_LIB_HEAP (Base: 0x200017c0, Size: 0x00016440, Max: 0x00016440, ABSOLUTE)

    Base Addr    Size         Type   Attr      Idx    E Section Name        Object

    0x200017c0   0x00016440   Zero   RW            2    ARM_LIB_HEAP.bss    anon$$obj.o


    Execution Region ARM_LIB_STACK (Base: 0x20017c00, Size: 0x00000400, Max: 0x00000400, ABSOLUTE)

    Base Addr    Size         Type   Attr      Idx    E Section Name        Object

    0x20017c00   0x00000400   Zero   RW            3    ARM_LIB_STACK.bss   anon$$obj.o


==============================================================================

Image component sizes


      Code (inc. data)   RO Data    RW Data    ZI Data      Debug   

    135812       4034      10358        536     111104      93676   Object Totals
         0          0         64          0      92480          0   (incl. Generated)
       356          0         28          4         84          0   (incl. Padding)
      4904        268          2         16        348       4852   Library Totals
        14          0          1          0          0          0   (incl. Padding)

==============================================================================


      Code (inc. data)   RO Data    RW Data    ZI Data      Debug   

    140716       4302      10360        552     111452      91948   Grand Totals
    140716       4302      10360        336     111452      91948   ELF Image Totals (compressed)
    140716       4302      10360        336          0          0   ROM Totals

==============================================================================

    Total RO  Size (Code + RO Data)               151076 ( 147.54kB)
    Total RW  Size (RW Data + ZI Data)            112004 ( 109.38kB)
    Total ROM Size (Code + RO Data + RW Data)     151412 ( 147.86kB)

==============================================================================

